<html>
<body>
<pre>
<h1>µVision Build Log</h1>
<h2>Tool Versions:</h2>
IDE-Version: µVision V5.43.1.0
Copyright (C) 2025 ARM Ltd and ARM Germany GmbH. All rights reserved.
License Information: 11 11, 11, LIC=21E4T-RW58S-RA9DM-XAICH-57IGD-6GRKK
 
Tool Versions:
Toolchain:       MDK-ARM Plus  Version: 5.43.0.0
Toolchain Path:  C:\Keil_v5\ARM\ARMCLANG\Bin
C Compiler:      ArmClang.exe V6.24
Assembler:       Armasm.exe V6.24
Linker/Locator:  ArmLink.exe V6.24
Library Manager: ArmAr.exe V6.24
Hex Converter:   FromElf.exe V6.24
CPU DLL:         SARMCM3.DLL V5.43.0.0
Dialog DLL:      DCM.DLL V1.17.5.0
Target DLL:      Segger\JL2CM3.dll V2.99.45.0
Dialog DLL:      TCM.DLL V1.56.6.0
 
<h2>Project:</h2>
C:\ACHIP\Xiamatsu\CoreMark_Tests\N32G430\MDK-ARM\Coremark_test.uvprojx
Project File Date:  08/29/2026

<h2>Output:</h2>
*** Using Compiler 'V6.24', folder: 'C:\Keil_v5\ARM\ARMCLANG\Bin'
Rebuild target 'N32G430'
assembling startup_n32g430_keil.s...
compiling core_portme.c...
compiling n32g430_it.c...
compiling main.c...
compiling core_state.c...
compiling cvt.c...
compiling core_util.c...
compiling misc.c...
compiling core_main.c...
compiling system_n32g430.c...
compiling core_list_join.c...
compiling n32g430_rcc.c...
compiling n32g430_usart.c...
compiling n32g430_gpio.c...
compiling core_matrix.c...
compiling ee_printf.c...
compiling n32g430_flash.c...
linking...
Program Size: Code=34394 RO-data=1626 RW-data=8 ZI-data=6264  
After Build - User command #1: fromelf --text -z -a -c --output=.\Listings\Coremark_test.lst .\Objects\Coremark_test.axf
".\Objects\Coremark_test.axf" - 0 Error(s), 0 Warning(s).

<h2>Software Packages used:</h2>

Package Vendor: NSING
                https://www.nsing.com.sg/public/uploads/armpacks/NSING.N32G430_DFP.1.1.1.pack
                NSING::N32G430_DFP@1.1.1
                Nsing N32G430 Series Device Support, Drivers and Examples

<h2>Collection of Component include folders:</h2>
  C:/Users/User/AppData/Local/Arm/Packs/NSING/N32G430_DFP/1.1.1/Device/Include

<h2>Collection of Component Files used:</h2>
Build Time Elapsed:  00:00:02
</pre>
</body>
</html>
