Component: Arm Compiler for Embedded 6.24 Tool: armlink [5f371500]

==============================================================================

Section Cross References

    startup_n32g430_keil.o(STACK) refers (Special) to heapauxi.o(.text) for __use_two_region_memory
    startup_n32g430_keil.o(HEAP) refers (Special) to heapauxi.o(.text) for __use_two_region_memory
    startup_n32g430_keil.o(RESET) refers (Special) to heapauxi.o(.text) for __use_two_region_memory
    startup_n32g430_keil.o(RESET) refers to startup_n32g430_keil.o(STACK) for __initial_sp
    startup_n32g430_keil.o(RESET) refers to startup_n32g430_keil.o(.text) for Reset_Handler
    startup_n32g430_keil.o(RESET) refers to lto-llvm-54decf.o(.text.NMI_Handler) for NMI_Handler
    startup_n32g430_keil.o(RESET) refers to lto-llvm-54decf.o(.text.HardFault_Handler) for HardFault_Handler
    startup_n32g430_keil.o(RESET) refers to lto-llvm-54decf.o(.text.MemManage_Handler) for MemManage_Handler
    startup_n32g430_keil.o(RESET) refers to lto-llvm-54decf.o(.text.BusFault_Handler) for BusFault_Handler
    startup_n32g430_keil.o(RESET) refers to lto-llvm-54decf.o(.text.UsageFault_Handler) for UsageFault_Handler
    startup_n32g430_keil.o(RESET) refers to lto-llvm-54decf.o(.text.SVC_Handler) for SVC_Handler
    startup_n32g430_keil.o(RESET) refers to lto-llvm-54decf.o(.text.DebugMon_Handler) for DebugMon_Handler
    startup_n32g430_keil.o(RESET) refers to lto-llvm-54decf.o(.text.SysTick_Handler) for SysTick_Handler
    startup_n32g430_keil.o(.text) refers (Special) to heapauxi.o(.text) for __use_two_region_memory
    startup_n32g430_keil.o(.text) refers to lto-llvm-54decf.o(.text.System_Initializes) for System_Initializes
    startup_n32g430_keil.o(.text) refers to __main.o(!!!main) for __main
    startup_n32g430_keil.o(.text) refers to startup_n32g430_keil.o(HEAP) for Heap_Mem
    startup_n32g430_keil.o(.text) refers to startup_n32g430_keil.o(STACK) for Stack_Mem
    __main.o(!!!main) refers to __rtentry.o(.ARM.Collect$$rtentry$$00000000) for __rt_entry
    modf.o(i.__hardfp_modf) refers (Special) to usenofp.o(x$fpl$usenofp) for __I$use$fp
    modf.o(i.__hardfp_modf) refers to daddsub_clz.o(x$fpl$dsub) for __aeabi_dsub
    modf.o(i.__softfp_modf) refers (Special) to usenofp.o(x$fpl$usenofp) for __I$use$fp
    modf.o(i.__softfp_modf) refers to modf.o(i.__hardfp_modf) for __hardfp_modf
    modf.o(i.modf) refers (Special) to usenofp.o(x$fpl$usenofp) for __I$use$fp
    modf.o(i.modf) refers to modf.o(i.__hardfp_modf) for __hardfp_modf
    __rtentry.o(.ARM.Collect$$rtentry$$00000000) refers (Special) to __rtentry2.o(.ARM.Collect$$rtentry$$0000000A) for __rt_entry_li
    __rtentry.o(.ARM.Collect$$rtentry$$00000000) refers (Special) to __rtentry2.o(.ARM.Collect$$rtentry$$0000000D) for __rt_entry_main
    __rtentry.o(.ARM.Collect$$rtentry$$00000000) refers (Special) to __rtentry2.o(.ARM.Collect$$rtentry$$0000000C) for __rt_entry_postli_1
    __rtentry.o(.ARM.Collect$$rtentry$$00000000) refers (Special) to __rtentry2.o(.ARM.Collect$$rtentry$$00000009) for __rt_entry_postsh_1
    __rtentry.o(.ARM.Collect$$rtentry$$00000000) refers (Special) to __rtentry2.o(.ARM.Collect$$rtentry$$00000002) for __rt_entry_presh_1
    __rtentry.o(.ARM.Collect$$rtentry$$00000000) refers (Special) to __rtentry4.o(.ARM.Collect$$rtentry$$00000004) for __rt_entry_sh
    daddsub_clz.o(x$fpl$dadd) refers (Special) to usenofp.o(x$fpl$usenofp) for __I$use$fp
    daddsub_clz.o(x$fpl$dadd) refers to daddsub_clz.o(x$fpl$dsub) for _dsub1
    daddsub_clz.o(x$fpl$dadd) refers to dretinf.o(x$fpl$dretinf) for __fpl_dretinf
    daddsub_clz.o(x$fpl$dadd) refers to dnaninf.o(x$fpl$dnaninf) for __fpl_dnaninf
    daddsub_clz.o(x$fpl$drsb) refers (Special) to usenofp.o(x$fpl$usenofp) for __I$use$fp
    daddsub_clz.o(x$fpl$drsb) refers to daddsub_clz.o(x$fpl$dadd) for _dadd1
    daddsub_clz.o(x$fpl$drsb) refers to daddsub_clz.o(x$fpl$dsub) for _dsub1
    daddsub_clz.o(x$fpl$dsub) refers (Special) to usenofp.o(x$fpl$usenofp) for __I$use$fp
    daddsub_clz.o(x$fpl$dsub) refers to daddsub_clz.o(x$fpl$dadd) for _dadd1
    daddsub_clz.o(x$fpl$dsub) refers to dnaninf.o(x$fpl$dnaninf) for __fpl_dnaninf
    __rtentry2.o(.ARM.Collect$$rtentry$$00000008) refers to boardinit2.o(.text) for _platform_post_stackheap_init
    __rtentry2.o(.ARM.Collect$$rtentry$$0000000A) refers to libinit.o(.ARM.Collect$$libinit$$00000000) for __rt_lib_init
    __rtentry2.o(.ARM.Collect$$rtentry$$0000000B) refers to boardinit3.o(.text) for _platform_post_lib_init
    __rtentry2.o(.ARM.Collect$$rtentry$$0000000D) refers to lto-llvm-54decf.o(.text.main) for main
    __rtentry2.o(.ARM.Collect$$rtentry$$0000000D) refers to exit.o(.text) for exit
    __rtentry2.o(.ARM.exidx) refers to __rtentry2.o(.ARM.Collect$$rtentry$$00000001) for .ARM.Collect$$rtentry$$00000001
    __rtentry2.o(.ARM.exidx) refers to __rtentry2.o(.ARM.Collect$$rtentry$$00000008) for .ARM.Collect$$rtentry$$00000008
    __rtentry2.o(.ARM.exidx) refers to __rtentry2.o(.ARM.Collect$$rtentry$$0000000A) for .ARM.Collect$$rtentry$$0000000A
    __rtentry2.o(.ARM.exidx) refers to __rtentry2.o(.ARM.Collect$$rtentry$$0000000B) for .ARM.Collect$$rtentry$$0000000B
    __rtentry2.o(.ARM.exidx) refers to __rtentry2.o(.ARM.Collect$$rtentry$$0000000D) for .ARM.Collect$$rtentry$$0000000D
    __rtentry4.o(.ARM.Collect$$rtentry$$00000004) refers to sys_stackheap_outer.o(.text) for __user_setup_stackheap
    __rtentry4.o(.ARM.exidx) refers to __rtentry4.o(.ARM.Collect$$rtentry$$00000004) for .ARM.Collect$$rtentry$$00000004
    dnaninf.o(x$fpl$dnaninf) refers (Special) to usenofp.o(x$fpl$usenofp) for __I$use$fp
    dretinf.o(x$fpl$dretinf) refers (Special) to usenofp.o(x$fpl$usenofp) for __I$use$fp
    sys_stackheap_outer.o(.text) refers to libspace.o(.text) for __user_perproc_libspace
    sys_stackheap_outer.o(.text) refers to startup_n32g430_keil.o(.text) for __user_initial_stackheap
    exit.o(.text) refers to rtexit.o(.ARM.Collect$$rtexit$$00000000) for __rt_exit
    libinit.o(.ARM.Collect$$libinit$$00000000) refers (Special) to libinit2.o(.ARM.Collect$$libinit$$00000030) for __rt_lib_init_alloca_1
    libinit.o(.ARM.Collect$$libinit$$00000000) refers (Special) to libinit2.o(.ARM.Collect$$libinit$$0000002E) for __rt_lib_init_argv_1
    libinit.o(.ARM.Collect$$libinit$$00000000) refers (Special) to libinit2.o(.ARM.Collect$$libinit$$0000001D) for __rt_lib_init_atexit_1
    libinit.o(.ARM.Collect$$libinit$$00000000) refers (Special) to libinit2.o(.ARM.Collect$$libinit$$00000023) for __rt_lib_init_clock_1
    libinit.o(.ARM.Collect$$libinit$$00000000) refers (Special) to libinit2.o(.ARM.Collect$$libinit$$00000034) for __rt_lib_init_cpp_1
    libinit.o(.ARM.Collect$$libinit$$00000000) refers (Special) to libinit2.o(.ARM.Collect$$libinit$$00000032) for __rt_lib_init_exceptions_1
    libinit.o(.ARM.Collect$$libinit$$00000000) refers (Special) to libinit2.o(.ARM.Collect$$libinit$$00000001) for __rt_lib_init_fp_1
    libinit.o(.ARM.Collect$$libinit$$00000000) refers (Special) to libinit2.o(.ARM.Collect$$libinit$$00000021) for __rt_lib_init_fp_trap_1
    libinit.o(.ARM.Collect$$libinit$$00000000) refers (Special) to libinit2.o(.ARM.Collect$$libinit$$00000025) for __rt_lib_init_getenv_1
    libinit.o(.ARM.Collect$$libinit$$00000000) refers (Special) to libinit2.o(.ARM.Collect$$libinit$$0000000C) for __rt_lib_init_heap_1
    libinit.o(.ARM.Collect$$libinit$$00000000) refers (Special) to libinit2.o(.ARM.Collect$$libinit$$00000013) for __rt_lib_init_lc_collate_1
    libinit.o(.ARM.Collect$$libinit$$00000000) refers (Special) to libinit2.o(.ARM.Collect$$libinit$$00000015) for __rt_lib_init_lc_ctype_1
    libinit.o(.ARM.Collect$$libinit$$00000000) refers (Special) to libinit2.o(.ARM.Collect$$libinit$$00000017) for __rt_lib_init_lc_monetary_1
    libinit.o(.ARM.Collect$$libinit$$00000000) refers (Special) to libinit2.o(.ARM.Collect$$libinit$$00000019) for __rt_lib_init_lc_numeric_1
    libinit.o(.ARM.Collect$$libinit$$00000000) refers (Special) to libinit2.o(.ARM.Collect$$libinit$$0000001B) for __rt_lib_init_lc_time_1
    libinit.o(.ARM.Collect$$libinit$$00000000) refers (Special) to libinit2.o(.ARM.Collect$$libinit$$00000006) for __rt_lib_init_preinit_1
    libinit.o(.ARM.Collect$$libinit$$00000000) refers (Special) to libinit2.o(.ARM.Collect$$libinit$$00000010) for __rt_lib_init_rand_1
    libinit.o(.ARM.Collect$$libinit$$00000000) refers (Special) to libinit2.o(.ARM.Collect$$libinit$$00000004) for __rt_lib_init_relocate_pie_1
    libinit.o(.ARM.Collect$$libinit$$00000000) refers (Special) to libinit2.o(.ARM.Collect$$libinit$$00000035) for __rt_lib_init_return
    libinit.o(.ARM.Collect$$libinit$$00000000) refers (Special) to libinit2.o(.ARM.Collect$$libinit$$0000001F) for __rt_lib_init_signal_1
    libinit.o(.ARM.Collect$$libinit$$00000000) refers (Special) to libinit2.o(.ARM.Collect$$libinit$$00000027) for __rt_lib_init_stdio_1
    libinit.o(.ARM.Collect$$libinit$$00000000) refers (Special) to libinit2.o(.ARM.Collect$$libinit$$0000000E) for __rt_lib_init_user_alloc_1
    libspace.o(.text) refers to libspace.o(.bss) for __libspace_start
    rtexit.o(.ARM.Collect$$rtexit$$00000000) refers (Special) to rtexit2.o(.ARM.Collect$$rtexit$$00000004) for __rt_exit_exit
    rtexit.o(.ARM.Collect$$rtexit$$00000000) refers (Special) to rtexit2.o(.ARM.Collect$$rtexit$$00000003) for __rt_exit_ls
    rtexit.o(.ARM.Collect$$rtexit$$00000000) refers (Special) to rtexit2.o(.ARM.Collect$$rtexit$$00000002) for __rt_exit_prels_1
    rtexit.o(.ARM.exidx) refers (Special) to rtexit2.o(.ARM.Collect$$rtexit$$00000004) for __rt_exit_exit
    rtexit.o(.ARM.exidx) refers (Special) to rtexit2.o(.ARM.Collect$$rtexit$$00000003) for __rt_exit_ls
    rtexit.o(.ARM.exidx) refers (Special) to rtexit2.o(.ARM.Collect$$rtexit$$00000002) for __rt_exit_prels_1
    rtexit.o(.ARM.exidx) refers to rtexit.o(.ARM.Collect$$rtexit$$00000000) for .ARM.Collect$$rtexit$$00000000
    libinit2.o(.ARM.Collect$$libinit$$00000001) refers to fpinit.o(x$fpl$fpinit) for _fp_init
    libinit2.o(.ARM.Collect$$libinit$$00000012) refers to libinit2.o(.ARM.Collect$$libinit$$00000011) for .ARM.Collect$$libinit$$00000011
    libinit2.o(.ARM.Collect$$libinit$$00000014) refers to libinit2.o(.ARM.Collect$$libinit$$00000011) for .ARM.Collect$$libinit$$00000011
    libinit2.o(.ARM.Collect$$libinit$$00000016) refers to libinit2.o(.ARM.Collect$$libinit$$00000011) for .ARM.Collect$$libinit$$00000011
    libinit2.o(.ARM.Collect$$libinit$$00000018) refers to libinit2.o(.ARM.Collect$$libinit$$00000011) for .ARM.Collect$$libinit$$00000011
    libinit2.o(.ARM.Collect$$libinit$$0000001A) refers to libinit2.o(.ARM.Collect$$libinit$$00000011) for .ARM.Collect$$libinit$$00000011
    libinit2.o(.ARM.Collect$$libinit$$00000028) refers to argv_veneer.o(.emb_text) for __ARM_argv_veneer
    libinit2.o(.ARM.Collect$$libinit$$00000029) refers to argv_veneer.o(.emb_text) for __ARM_argv_veneer
    rtexit2.o(.ARM.Collect$$rtexit$$00000003) refers to libshutdown.o(.ARM.Collect$$libshutdown$$00000000) for __rt_lib_shutdown
    rtexit2.o(.ARM.Collect$$rtexit$$00000004) refers to sys_exit.o(.text) for _sys_exit
    rtexit2.o(.ARM.exidx) refers to rtexit2.o(.ARM.Collect$$rtexit$$00000001) for .ARM.Collect$$rtexit$$00000001
    rtexit2.o(.ARM.exidx) refers to rtexit2.o(.ARM.Collect$$rtexit$$00000003) for .ARM.Collect$$rtexit$$00000003
    rtexit2.o(.ARM.exidx) refers to rtexit2.o(.ARM.Collect$$rtexit$$00000004) for .ARM.Collect$$rtexit$$00000004
    argv_veneer.o(.emb_text) refers to no_argv.o(.text) for __ARM_get_argv
    sys_exit.o(.text) refers (Special) to use_no_semi.o(.text) for __I$use$semihosting
    sys_exit.o(.text) refers (Special) to indicate_semi.o(.text) for __semihosting_library_function
    sys_exit_hlt.o(.text) refers (Special) to use_no_semi.o(.text) for __I$use$semihosting
    sys_exit_hlt.o(.text) refers (Special) to indicate_semi.o(.text) for __semihosting_library_function
    _get_argv_nomalloc.o(.text) refers (Special) to hrguard.o(.text) for __heap_region$guard
    _get_argv_nomalloc.o(.text) refers to defsig_rtmem_outer.o(.text) for __rt_SIGRTMEM
    _get_argv_nomalloc.o(.text) refers to sys_command.o(.text) for _sys_command_string
    libshutdown.o(.ARM.Collect$$libshutdown$$00000000) refers (Special) to libshutdown2.o(.ARM.Collect$$libshutdown$$00000002) for __rt_lib_shutdown_cpp_1
    libshutdown.o(.ARM.Collect$$libshutdown$$00000000) refers (Special) to libshutdown2.o(.ARM.Collect$$libshutdown$$00000007) for __rt_lib_shutdown_fp_trap_1
    libshutdown.o(.ARM.Collect$$libshutdown$$00000000) refers (Special) to libshutdown2.o(.ARM.Collect$$libshutdown$$0000000F) for __rt_lib_shutdown_heap_1
    libshutdown.o(.ARM.Collect$$libshutdown$$00000000) refers (Special) to libshutdown2.o(.ARM.Collect$$libshutdown$$00000010) for __rt_lib_shutdown_return
    libshutdown.o(.ARM.Collect$$libshutdown$$00000000) refers (Special) to libshutdown2.o(.ARM.Collect$$libshutdown$$0000000A) for __rt_lib_shutdown_signal_1
    libshutdown.o(.ARM.Collect$$libshutdown$$00000000) refers (Special) to libshutdown2.o(.ARM.Collect$$libshutdown$$00000004) for __rt_lib_shutdown_stdio_1
    libshutdown.o(.ARM.Collect$$libshutdown$$00000000) refers (Special) to libshutdown2.o(.ARM.Collect$$libshutdown$$0000000C) for __rt_lib_shutdown_user_alloc_1
    sys_command.o(.text) refers (Special) to use_no_semi.o(.text) for __I$use$semihosting
    sys_command.o(.text) refers (Special) to indicate_semi.o(.text) for __semihosting_library_function
    sys_command_hlt.o(.text) refers (Special) to use_no_semi.o(.text) for __I$use$semihosting
    sys_command_hlt.o(.text) refers (Special) to indicate_semi.o(.text) for __semihosting_library_function
    defsig_rtmem_outer.o(.text) refers to defsig_rtmem_inner.o(.text) for __rt_SIGRTMEM_inner
    defsig_rtmem_outer.o(.text) refers to defsig_exit.o(.text) for __sig_exit
    defsig_rtmem_formal.o(.text) refers to rt_raise.o(.text) for __rt_raise
    rt_raise.o(.text) refers to __raise.o(.text) for __raise
    rt_raise.o(.text) refers to sys_exit.o(.text) for _sys_exit
    defsig_exit.o(.text) refers to sys_exit.o(.text) for _sys_exit
    defsig_rtmem_inner.o(.text) refers to defsig_general.o(.text) for __default_signal_display
    __raise.o(.text) refers to defsig.o(CL$$defsig) for __default_signal_handler
    defsig_general.o(.text) refers to sys_wrch.o(.text) for _ttywrch
    sys_wrch.o(.text) refers (Special) to use_no_semi.o(.text) for __I$use$semihosting
    sys_wrch.o(.text) refers (Special) to indicate_semi.o(.text) for __semihosting_library_function
    sys_wrch_hlt.o(.text) refers (Special) to use_no_semi.o(.text) for __I$use$semihosting
    sys_wrch_hlt.o(.text) refers (Special) to indicate_semi.o(.text) for __semihosting_library_function
    defsig.o(CL$$defsig) refers to defsig_rtmem_inner.o(.text) for __rt_SIGRTMEM_inner
    defsig_abrt_inner.o(.text) refers to defsig_general.o(.text) for __default_signal_display
    defsig_fpe_inner.o(.text) refers to defsig_general.o(.text) for __default_signal_display
    defsig_rtred_inner.o(.text) refers to defsig_general.o(.text) for __default_signal_display
    defsig_stak_inner.o(.text) refers to defsig_general.o(.text) for __default_signal_display
    defsig_pvfn_inner.o(.text) refers to defsig_general.o(.text) for __default_signal_display
    defsig_cppl_inner.o(.text) refers to defsig_general.o(.text) for __default_signal_display
    defsig_segv_inner.o(.text) refers to defsig_general.o(.text) for __default_signal_display
    defsig_other.o(.text) refers to defsig_general.o(.text) for __default_signal_display
    lto-llvm-54decf.o(.text.main) refers to lto-llvm-54decf.o(.rodata.cst16) for APBAHBPresTable
    lto-llvm-54decf.o(.text.main) refers to lto-llvm-54decf.o(.text.ee_printf) for ee_printf
    lto-llvm-54decf.o(.text.main) refers to lto-llvm-54decf.o(.bss.SystemClockFrequency) for SystemClockFrequency
    lto-llvm-54decf.o(.text.main) refers to lto-llvm-54decf.o(.bss.seed1_volatile) for seed1_volatile
    lto-llvm-54decf.o(.text.main) refers to lto-llvm-54decf.o(.bss.seed2_volatile) for seed2_volatile
    lto-llvm-54decf.o(.text.main) refers to lto-llvm-54decf.o(.data.seed3_volatile) for seed3_volatile
    lto-llvm-54decf.o(.text.main) refers to lto-llvm-54decf.o(.data.seed4_volatile) for seed4_volatile
    lto-llvm-54decf.o(.text.main) refers to lto-llvm-54decf.o(.bss.seed5_volatile) for seed5_volatile
    lto-llvm-54decf.o(.text.main) refers to rt_memclr.o(.text) for __aeabi_memclr
    lto-llvm-54decf.o(.text.main) refers to lto-llvm-54decf.o(.bss.Tick) for Tick
    lto-llvm-54decf.o(.text.main) refers to dflt_clz.o(x$fpl$dfltu) for __aeabi_ui2d
    lto-llvm-54decf.o(.text.main) refers to dmul.o(x$fpl$dmul) for __aeabi_dmul
    lto-llvm-54decf.o(.text.main) refers to dcmp.o(x$fpl$fcmp) for __aeabi_dcmplt
    lto-llvm-54decf.o(.text.main) refers to lto-llvm-54decf.o(.text.core_bench_list) for core_bench_list
    lto-llvm-54decf.o(.text.main) refers to lto-llvm-54decf.o(.text.crcu16) for crcu16
    lto-llvm-54decf.o(.text.main) refers to dfixu.o(x$fpl$dfixu) for __aeabi_d2uiz
    lto-llvm-54decf.o(.text.main) refers to lto-llvm-54decf.o(.text.crc16) for crc16
    lto-llvm-54decf.o(.text.main) refers to lto-llvm-54decf.o(.rodata.str1.1) for .L.str.4
    lto-llvm-54decf.o(.text.main) refers to lto-llvm-54decf.o(.rodata.list_known_crc) for list_known_crc
    lto-llvm-54decf.o(.text.main) refers to lto-llvm-54decf.o(.rodata.matrix_known_crc) for matrix_known_crc
    lto-llvm-54decf.o(.text.main) refers to lto-llvm-54decf.o(.rodata.state_known_crc) for state_known_crc
    lto-llvm-54decf.o(.text.main) refers to ddiv.o(x$fpl$ddiv) for __aeabi_ddiv
    lto-llvm-54decf.o(.text.main) refers to lto-llvm-54decf.o(.rodata.intpat) for [Anonymous Symbol]
    lto-llvm-54decf.o(.text.main) refers to lto-llvm-54decf.o(.rodata.floatpat) for [Anonymous Symbol]
    lto-llvm-54decf.o(.text.main) refers to lto-llvm-54decf.o(.rodata.scipat) for [Anonymous Symbol]
    lto-llvm-54decf.o(.text.main) refers to lto-llvm-54decf.o(.rodata.errpat) for [Anonymous Symbol]
    lto-llvm-54decf.o(.ARM.exidx.text.main) refers to lto-llvm-54decf.o(.text.main) for [Anonymous Symbol]
    lto-llvm-54decf.o(.ARM.exidx.text.NMI_Handler) refers to lto-llvm-54decf.o(.text.NMI_Handler) for [Anonymous Symbol]
    lto-llvm-54decf.o(.ARM.exidx.text.HardFault_Handler) refers to lto-llvm-54decf.o(.text.HardFault_Handler) for [Anonymous Symbol]
    lto-llvm-54decf.o(.ARM.exidx.text.MemManage_Handler) refers to lto-llvm-54decf.o(.text.MemManage_Handler) for [Anonymous Symbol]
    lto-llvm-54decf.o(.ARM.exidx.text.BusFault_Handler) refers to lto-llvm-54decf.o(.text.BusFault_Handler) for [Anonymous Symbol]
    lto-llvm-54decf.o(.ARM.exidx.text.UsageFault_Handler) refers to lto-llvm-54decf.o(.text.UsageFault_Handler) for [Anonymous Symbol]
    lto-llvm-54decf.o(.ARM.exidx.text.SVC_Handler) refers to lto-llvm-54decf.o(.text.SVC_Handler) for [Anonymous Symbol]
    lto-llvm-54decf.o(.ARM.exidx.text.DebugMon_Handler) refers to lto-llvm-54decf.o(.text.DebugMon_Handler) for [Anonymous Symbol]
    lto-llvm-54decf.o(.text.SysTick_Handler) refers to lto-llvm-54decf.o(.bss.Tick) for Tick
    lto-llvm-54decf.o(.ARM.exidx.text.SysTick_Handler) refers to lto-llvm-54decf.o(.text.SysTick_Handler) for [Anonymous Symbol]
    lto-llvm-54decf.o(.text.System_Initializes) refers to lto-llvm-54decf.o(.bss.SystemClockFrequency) for SystemClockFrequency
    lto-llvm-54decf.o(.ARM.exidx.text.System_Initializes) refers to lto-llvm-54decf.o(.text.System_Initializes) for [Anonymous Symbol]
    lto-llvm-54decf.o(.text.core_bench_list) refers to lto-llvm-54decf.o(.text.core_bench_state) for core_bench_state
    lto-llvm-54decf.o(.text.core_bench_list) refers to lto-llvm-54decf.o(.text.matrix_test) for matrix_test
    lto-llvm-54decf.o(.text.core_bench_list) refers to lto-llvm-54decf.o(.text.crc16) for crc16
    lto-llvm-54decf.o(.text.core_bench_list) refers to lto-llvm-54decf.o(.text.crcu16) for crcu16
    lto-llvm-54decf.o(.ARM.exidx.text.core_bench_list) refers to lto-llvm-54decf.o(.text.core_bench_list) for [Anonymous Symbol]
    lto-llvm-54decf.o(.text.matrix_test) refers to lto-llvm-54decf.o(.text.crc16) for crc16
    lto-llvm-54decf.o(.ARM.exidx.text.matrix_test) refers to lto-llvm-54decf.o(.text.matrix_test) for [Anonymous Symbol]
    lto-llvm-54decf.o(.text.core_bench_state) refers to lto-llvm-54decf.o(.text.crcu32) for crcu32
    lto-llvm-54decf.o(.ARM.exidx.text.core_bench_state) refers to lto-llvm-54decf.o(.text.core_bench_state) for [Anonymous Symbol]
    lto-llvm-54decf.o(.ARM.exidx.text.crcu16) refers to lto-llvm-54decf.o(.text.crcu16) for [Anonymous Symbol]
    lto-llvm-54decf.o(.ARM.exidx.text.crcu32) refers to lto-llvm-54decf.o(.text.crcu32) for [Anonymous Symbol]
    lto-llvm-54decf.o(.ARM.exidx.text.crc16) refers to lto-llvm-54decf.o(.text.crc16) for [Anonymous Symbol]
    lto-llvm-54decf.o(.text.ee_printf) refers to lto-llvm-54decf.o(.rodata.str1.1) for .L.str.1.61
    lto-llvm-54decf.o(.text.ee_printf) refers to aeabi_memset.o(.text) for __aeabi_memset
    lto-llvm-54decf.o(.text.ee_printf) refers to dcmp.o(x$fpl$fcmp) for __aeabi_dcmpge
    lto-llvm-54decf.o(.text.ee_printf) refers to rt_memcpy_v6.o(.text) for __aeabi_memcpy
    lto-llvm-54decf.o(.text.ee_printf) refers to modf.o(i.__hardfp_modf) for __hardfp_modf
    lto-llvm-54decf.o(.text.ee_printf) refers to dmul.o(x$fpl$dmul) for __aeabi_dmul
    lto-llvm-54decf.o(.text.ee_printf) refers to daddsub_clz.o(x$fpl$dadd) for __aeabi_dadd
    lto-llvm-54decf.o(.text.ee_printf) refers to dfix.o(x$fpl$dfix) for __aeabi_d2iz
    lto-llvm-54decf.o(.ARM.exidx.text.ee_printf) refers to lto-llvm-54decf.o(.text.ee_printf) for [Anonymous Symbol]
    lto-llvm-54decf.o(.rodata.intpat) refers to lto-llvm-54decf.o(.rodata.str1.1) for [Anonymous Symbol]
    lto-llvm-54decf.o(.rodata.floatpat) refers to lto-llvm-54decf.o(.rodata.str1.1) for [Anonymous Symbol]
    lto-llvm-54decf.o(.rodata.scipat) refers to lto-llvm-54decf.o(.rodata.str1.1) for [Anonymous Symbol]
    lto-llvm-54decf.o(.rodata.errpat) refers to lto-llvm-54decf.o(.rodata.str1.1) for [Anonymous Symbol]
    rt_memcpy_v6.o(.text) refers to rt_memcpy_w.o(.text) for __aeabi_memcpy4
    aeabi_memset.o(.text) refers to rt_memclr.o(.text) for _memset
    rt_memclr.o(.text) refers to rt_memclr_w.o(.text) for _memset_w
    dcmp.o(x$fpl$fcmp) refers (Special) to usenofp.o(x$fpl$usenofp) for __I$use$fp
    dcmp.o(x$fpl$fcmp) refers to deqf.o(x$fpl$deqf) for _dcmpeq
    dcmp.o(x$fpl$fcmp) refers to dgeqf.o(x$fpl$dgeqf) for _dcmpge
    dcmp.o(x$fpl$fcmp) refers to dleqf.o(x$fpl$dleqf) for _dcmple
    ddiv.o(x$fpl$drdiv) refers (Special) to usenofp.o(x$fpl$usenofp) for __I$use$fp
    ddiv.o(x$fpl$drdiv) refers to ddiv.o(x$fpl$ddiv) for ddiv_entry
    ddiv.o(x$fpl$ddiv) refers (Special) to usenofp.o(x$fpl$usenofp) for __I$use$fp
    ddiv.o(x$fpl$ddiv) refers to dretinf.o(x$fpl$dretinf) for __fpl_dretinf
    ddiv.o(x$fpl$ddiv) refers to dnaninf.o(x$fpl$dnaninf) for __fpl_dnaninf
    dfix.o(x$fpl$dfix) refers (Special) to usenofp.o(x$fpl$usenofp) for __I$use$fp
    dfix.o(x$fpl$dfix) refers to dnaninf.o(x$fpl$dnaninf) for __fpl_dnaninf
    dfix.o(x$fpl$dfixr) refers (Special) to usenofp.o(x$fpl$usenofp) for __I$use$fp
    dfix.o(x$fpl$dfixr) refers to dnaninf.o(x$fpl$dnaninf) for __fpl_dnaninf
    dfixu.o(x$fpl$dfixu) refers (Special) to usenofp.o(x$fpl$usenofp) for __I$use$fp
    dfixu.o(x$fpl$dfixu) refers to dnaninf.o(x$fpl$dnaninf) for __fpl_dnaninf
    dfixu.o(x$fpl$dfixur) refers (Special) to usenofp.o(x$fpl$usenofp) for __I$use$fp
    dfixu.o(x$fpl$dfixur) refers to dnaninf.o(x$fpl$dnaninf) for __fpl_dnaninf
    dflt_clz.o(x$fpl$dfltu) refers (Special) to usenofp.o(x$fpl$usenofp) for __I$use$fp
    dflt_clz.o(x$fpl$dflt) refers (Special) to usenofp.o(x$fpl$usenofp) for __I$use$fp
    dflt_clz.o(x$fpl$dfltn) refers (Special) to usenofp.o(x$fpl$usenofp) for __I$use$fp
    dmul.o(x$fpl$dmul) refers (Special) to usenofp.o(x$fpl$usenofp) for __I$use$fp
    dmul.o(x$fpl$dmul) refers to dretinf.o(x$fpl$dretinf) for __fpl_dretinf
    dmul.o(x$fpl$dmul) refers to dnaninf.o(x$fpl$dnaninf) for __fpl_dnaninf
    deqf.o(x$fpl$deqf) refers (Special) to usenofp.o(x$fpl$usenofp) for __I$use$fp
    deqf.o(x$fpl$deqf) refers to dnaninf.o(x$fpl$dnaninf) for __fpl_dnaninf
    deqf.o(x$fpl$deqf) refers to dcmpi.o(x$fpl$dcmpinf) for __fpl_dcmp_Inf
    dgeqf.o(x$fpl$dgeqf) refers (Special) to usenofp.o(x$fpl$usenofp) for __I$use$fp
    dgeqf.o(x$fpl$dgeqf) refers to dnaninf.o(x$fpl$dnaninf) for __fpl_dnaninf
    dgeqf.o(x$fpl$dgeqf) refers to dcmpi.o(x$fpl$dcmpinf) for __fpl_dcmp_Inf
    dleqf.o(x$fpl$dleqf) refers (Special) to usenofp.o(x$fpl$usenofp) for __I$use$fp
    dleqf.o(x$fpl$dleqf) refers to dnaninf.o(x$fpl$dnaninf) for __fpl_dnaninf
    dleqf.o(x$fpl$dleqf) refers to dcmpi.o(x$fpl$dcmpinf) for __fpl_dcmp_Inf
    dcmpi.o(x$fpl$dcmpinf) refers (Special) to usenofp.o(x$fpl$usenofp) for __I$use$fp


==============================================================================

Removing Unused input sections from the image.

    Removing lto-llvm-54decf.o(.text), (0 bytes).
    Removing lto-llvm-54decf.o(.ARM.exidx.text.main), (8 bytes).
    Removing lto-llvm-54decf.o(.ARM.exidx.text.NMI_Handler), (8 bytes).
    Removing lto-llvm-54decf.o(.ARM.exidx.text.HardFault_Handler), (8 bytes).
    Removing lto-llvm-54decf.o(.ARM.exidx.text.MemManage_Handler), (8 bytes).
    Removing lto-llvm-54decf.o(.ARM.exidx.text.BusFault_Handler), (8 bytes).
    Removing lto-llvm-54decf.o(.ARM.exidx.text.UsageFault_Handler), (8 bytes).
    Removing lto-llvm-54decf.o(.ARM.exidx.text.SVC_Handler), (8 bytes).
    Removing lto-llvm-54decf.o(.ARM.exidx.text.DebugMon_Handler), (8 bytes).
    Removing lto-llvm-54decf.o(.ARM.exidx.text.SysTick_Handler), (8 bytes).
    Removing lto-llvm-54decf.o(.ARM.exidx.text.System_Initializes), (8 bytes).
    Removing lto-llvm-54decf.o(.ARM.exidx.text.core_bench_list), (8 bytes).
    Removing lto-llvm-54decf.o(.ARM.exidx.text.matrix_test), (8 bytes).
    Removing lto-llvm-54decf.o(.ARM.exidx.text.core_bench_state), (8 bytes).
    Removing lto-llvm-54decf.o(.ARM.exidx.text.crcu16), (8 bytes).
    Removing lto-llvm-54decf.o(.ARM.exidx.text.crcu32), (8 bytes).
    Removing lto-llvm-54decf.o(.ARM.exidx.text.crc16), (8 bytes).
    Removing lto-llvm-54decf.o(.ARM.exidx.text.ee_printf), (8 bytes).
    Removing lto-llvm-54decf.o(.ARM.use_no_argv), (4 bytes).

19 unused section(s) (total 140 bytes) removed from the image.

==============================================================================

Image Symbol Table

    Local Symbols

    Symbol Name                              Value     Ov Type        Size  Object(Section)

    ../System/startup_n32g430_keil.s         0x00000000   Number         0  startup_n32g430_keil.o ABSOLUTE
    ../clib/angel/boardlib.s                 0x00000000   Number         0  boardinit1.o ABSOLUTE
    ../clib/angel/boardlib.s                 0x00000000   Number         0  boardinit2.o ABSOLUTE
    ../clib/angel/boardlib.s                 0x00000000   Number         0  boardinit3.o ABSOLUTE
    ../clib/angel/boardlib.s                 0x00000000   Number         0  boardshut.o ABSOLUTE
    ../clib/angel/handlers.s                 0x00000000   Number         0  __scatter_copy.o ABSOLUTE
    ../clib/angel/handlers.s                 0x00000000   Number         0  __scatter_zi.o ABSOLUTE
    ../clib/angel/kernel.s                   0x00000000   Number         0  __rtentry.o ABSOLUTE
    ../clib/angel/kernel.s                   0x00000000   Number         0  __rtentry2.o ABSOLUTE
    ../clib/angel/kernel.s                   0x00000000   Number         0  __rtentry4.o ABSOLUTE
    ../clib/angel/kernel.s                   0x00000000   Number         0  rtexit.o ABSOLUTE
    ../clib/angel/kernel.s                   0x00000000   Number         0  rtexit2.o ABSOLUTE
    ../clib/angel/rt.s                       0x00000000   Number         0  rt_raise.o ABSOLUTE
    ../clib/angel/scatter.s                  0x00000000   Number         0  __scatter.o ABSOLUTE
    ../clib/angel/startup.s                  0x00000000   Number         0  __main.o ABSOLUTE
    ../clib/angel/sys.s                      0x00000000   Number         0  sys_stackheap_outer.o ABSOLUTE
    ../clib/angel/sys.s                      0x00000000   Number         0  libspace.o ABSOLUTE
    ../clib/angel/sys.s                      0x00000000   Number         0  use_no_semi.o ABSOLUTE
    ../clib/angel/sys.s                      0x00000000   Number         0  indicate_semi.o ABSOLUTE
    ../clib/angel/sysapp.c                   0x00000000   Number         0  sys_exit.o ABSOLUTE
    ../clib/angel/sysapp.c                   0x00000000   Number         0  sys_exit_hlt.o ABSOLUTE
    ../clib/angel/sysapp.c                   0x00000000   Number         0  sys_command.o ABSOLUTE
    ../clib/angel/sysapp.c                   0x00000000   Number         0  sys_command_hlt.o ABSOLUTE
    ../clib/angel/sysapp.c                   0x00000000   Number         0  sys_wrch.o ABSOLUTE
    ../clib/angel/sysapp.c                   0x00000000   Number         0  sys_wrch_hlt.o ABSOLUTE
    ../clib/armsys.c                         0x00000000   Number         0  argv_veneer.o ABSOLUTE
    ../clib/armsys.c                         0x00000000   Number         0  argv_veneer.o ABSOLUTE
    ../clib/armsys.c                         0x00000000   Number         0  _get_argv_nomalloc.o ABSOLUTE
    ../clib/armsys.c                         0x00000000   Number         0  no_argv.o ABSOLUTE
    ../clib/heapalloc.c                      0x00000000   Number         0  hrguard.o ABSOLUTE
    ../clib/heapaux.c                        0x00000000   Number         0  heapauxi.o ABSOLUTE
    ../clib/libinit.s                        0x00000000   Number         0  libinit.o ABSOLUTE
    ../clib/libinit.s                        0x00000000   Number         0  libinit2.o ABSOLUTE
    ../clib/libinit.s                        0x00000000   Number         0  libshutdown.o ABSOLUTE
    ../clib/libinit.s                        0x00000000   Number         0  libshutdown2.o ABSOLUTE
    ../clib/memcpset.s                       0x00000000   Number         0  rt_memcpy_v6.o ABSOLUTE
    ../clib/memcpset.s                       0x00000000   Number         0  aeabi_memset.o ABSOLUTE
    ../clib/memcpset.s                       0x00000000   Number         0  rt_memclr.o ABSOLUTE
    ../clib/memcpset.s                       0x00000000   Number         0  rt_memcpy_w.o ABSOLUTE
    ../clib/memcpset.s                       0x00000000   Number         0  rt_memclr_w.o ABSOLUTE
    ../clib/signal.c                         0x00000000   Number         0  defsig_rtmem_outer.o ABSOLUTE
    ../clib/signal.c                         0x00000000   Number         0  defsig_rtmem_formal.o ABSOLUTE
    ../clib/signal.c                         0x00000000   Number         0  defsig_exit.o ABSOLUTE
    ../clib/signal.c                         0x00000000   Number         0  defsig_rtmem_inner.o ABSOLUTE
    ../clib/signal.c                         0x00000000   Number         0  __raise.o ABSOLUTE
    ../clib/signal.c                         0x00000000   Number         0  defsig_general.o ABSOLUTE
    ../clib/signal.c                         0x00000000   Number         0  defsig_abrt_inner.o ABSOLUTE
    ../clib/signal.c                         0x00000000   Number         0  defsig_fpe_inner.o ABSOLUTE
    ../clib/signal.c                         0x00000000   Number         0  defsig_rtred_inner.o ABSOLUTE
    ../clib/signal.c                         0x00000000   Number         0  defsig_stak_inner.o ABSOLUTE
    ../clib/signal.c                         0x00000000   Number         0  defsig_pvfn_inner.o ABSOLUTE
    ../clib/signal.c                         0x00000000   Number         0  defsig_cppl_inner.o ABSOLUTE
    ../clib/signal.c                         0x00000000   Number         0  defsig_segv_inner.o ABSOLUTE
    ../clib/signal.c                         0x00000000   Number         0  defsig_other.o ABSOLUTE
    ../clib/signal.s                         0x00000000   Number         0  defsig.o ABSOLUTE
    ../clib/stdlib.c                         0x00000000   Number         0  exit.o ABSOLUTE
    ../fplib/daddsub.s                       0x00000000   Number         0  daddsub_clz.o ABSOLUTE
    ../fplib/dcmp.s                          0x00000000   Number         0  dcmp.o ABSOLUTE
    ../fplib/dcmpi.s                         0x00000000   Number         0  dcmpi.o ABSOLUTE
    ../fplib/ddiv.s                          0x00000000   Number         0  ddiv.o ABSOLUTE
    ../fplib/deqf.s                          0x00000000   Number         0  deqf.o ABSOLUTE
    ../fplib/dfix.s                          0x00000000   Number         0  dfix.o ABSOLUTE
    ../fplib/dfixu.s                         0x00000000   Number         0  dfixu.o ABSOLUTE
    ../fplib/dflt.s                          0x00000000   Number         0  dflt_clz.o ABSOLUTE
    ../fplib/dgeqf.s                         0x00000000   Number         0  dgeqf.o ABSOLUTE
    ../fplib/dleqf.s                         0x00000000   Number         0  dleqf.o ABSOLUTE
    ../fplib/dmul.s                          0x00000000   Number         0  dmul.o ABSOLUTE
    ../fplib/dnaninf.s                       0x00000000   Number         0  dnaninf.o ABSOLUTE
    ../fplib/dretinf.s                       0x00000000   Number         0  dretinf.o ABSOLUTE
    ../fplib/fpinit.s                        0x00000000   Number         0  fpinit.o ABSOLUTE
    ../fplib/usenofp.s                       0x00000000   Number         0  usenofp.o ABSOLUTE
    ../mathlib/modf.c                        0x00000000   Number         0  modf.o ABSOLUTE
    dc.s                                     0x00000000   Number         0  dc.o ABSOLUTE
    ld-temp.o                                0x00000000   Number         0  lto-llvm-54decf.o ABSOLUTE
    RESET                                    0x08000000   Section      276  startup_n32g430_keil.o(RESET)
    !!!main                                  0x08000114   Section        8  __main.o(!!!main)
    !!!scatter                               0x0800011c   Section       92  __scatter.o(!!!scatter)
    !!handler_copy                           0x08000178   Section       26  __scatter_copy.o(!!handler_copy)
    !!handler_null                           0x08000194   Section        2  __scatter.o(!!handler_null)
    !!handler_zi                             0x08000198   Section       28  __scatter_zi.o(!!handler_zi)
    .ARM.Collect$$libinit$$00000000          0x080001b4   Section        2  libinit.o(.ARM.Collect$$libinit$$00000000)
    .ARM.Collect$$libinit$$00000001          0x080001b6   Section        4  libinit2.o(.ARM.Collect$$libinit$$00000001)
    .ARM.Collect$$libinit$$00000004          0x080001ba   Section        0  libinit2.o(.ARM.Collect$$libinit$$00000004)
    .ARM.Collect$$libinit$$00000006          0x080001ba   Section        0  libinit2.o(.ARM.Collect$$libinit$$00000006)
    .ARM.Collect$$libinit$$0000000C          0x080001ba   Section        0  libinit2.o(.ARM.Collect$$libinit$$0000000C)
    .ARM.Collect$$libinit$$0000000E          0x080001ba   Section        0  libinit2.o(.ARM.Collect$$libinit$$0000000E)
    .ARM.Collect$$libinit$$00000010          0x080001ba   Section        0  libinit2.o(.ARM.Collect$$libinit$$00000010)
    .ARM.Collect$$libinit$$00000013          0x080001ba   Section        0  libinit2.o(.ARM.Collect$$libinit$$00000013)
    .ARM.Collect$$libinit$$00000015          0x080001ba   Section        0  libinit2.o(.ARM.Collect$$libinit$$00000015)
    .ARM.Collect$$libinit$$00000017          0x080001ba   Section        0  libinit2.o(.ARM.Collect$$libinit$$00000017)
    .ARM.Collect$$libinit$$00000019          0x080001ba   Section        0  libinit2.o(.ARM.Collect$$libinit$$00000019)
    .ARM.Collect$$libinit$$0000001B          0x080001ba   Section        0  libinit2.o(.ARM.Collect$$libinit$$0000001B)
    .ARM.Collect$$libinit$$0000001D          0x080001ba   Section        0  libinit2.o(.ARM.Collect$$libinit$$0000001D)
    .ARM.Collect$$libinit$$0000001F          0x080001ba   Section        0  libinit2.o(.ARM.Collect$$libinit$$0000001F)
    .ARM.Collect$$libinit$$00000021          0x080001ba   Section        0  libinit2.o(.ARM.Collect$$libinit$$00000021)
    .ARM.Collect$$libinit$$00000023          0x080001ba   Section        0  libinit2.o(.ARM.Collect$$libinit$$00000023)
    .ARM.Collect$$libinit$$00000025          0x080001ba   Section        0  libinit2.o(.ARM.Collect$$libinit$$00000025)
    .ARM.Collect$$libinit$$00000027          0x080001ba   Section        0  libinit2.o(.ARM.Collect$$libinit$$00000027)
    .ARM.Collect$$libinit$$0000002E          0x080001ba   Section        0  libinit2.o(.ARM.Collect$$libinit$$0000002E)
    .ARM.Collect$$libinit$$00000030          0x080001ba   Section        0  libinit2.o(.ARM.Collect$$libinit$$00000030)
    .ARM.Collect$$libinit$$00000032          0x080001ba   Section        0  libinit2.o(.ARM.Collect$$libinit$$00000032)
    .ARM.Collect$$libinit$$00000034          0x080001ba   Section        0  libinit2.o(.ARM.Collect$$libinit$$00000034)
    .ARM.Collect$$libinit$$00000035          0x080001ba   Section        2  libinit2.o(.ARM.Collect$$libinit$$00000035)
    .ARM.Collect$$libshutdown$$00000000      0x080001bc   Section        2  libshutdown.o(.ARM.Collect$$libshutdown$$00000000)
    .ARM.Collect$$libshutdown$$00000002      0x080001be   Section        0  libshutdown2.o(.ARM.Collect$$libshutdown$$00000002)
    .ARM.Collect$$libshutdown$$00000004      0x080001be   Section        0  libshutdown2.o(.ARM.Collect$$libshutdown$$00000004)
    .ARM.Collect$$libshutdown$$00000007      0x080001be   Section        0  libshutdown2.o(.ARM.Collect$$libshutdown$$00000007)
    .ARM.Collect$$libshutdown$$0000000A      0x080001be   Section        0  libshutdown2.o(.ARM.Collect$$libshutdown$$0000000A)
    .ARM.Collect$$libshutdown$$0000000C      0x080001be   Section        0  libshutdown2.o(.ARM.Collect$$libshutdown$$0000000C)
    .ARM.Collect$$libshutdown$$0000000F      0x080001be   Section        0  libshutdown2.o(.ARM.Collect$$libshutdown$$0000000F)
    .ARM.Collect$$libshutdown$$00000010      0x080001be   Section        2  libshutdown2.o(.ARM.Collect$$libshutdown$$00000010)
    .ARM.Collect$$rtentry$$00000000          0x080001c0   Section        0  __rtentry.o(.ARM.Collect$$rtentry$$00000000)
    .ARM.Collect$$rtentry$$00000002          0x080001c0   Section        0  __rtentry2.o(.ARM.Collect$$rtentry$$00000002)
    .ARM.Collect$$rtentry$$00000004          0x080001c0   Section        6  __rtentry4.o(.ARM.Collect$$rtentry$$00000004)
    .ARM.Collect$$rtentry$$00000009          0x080001c6   Section        0  __rtentry2.o(.ARM.Collect$$rtentry$$00000009)
    .ARM.Collect$$rtentry$$0000000A          0x080001c6   Section        4  __rtentry2.o(.ARM.Collect$$rtentry$$0000000A)
    .ARM.Collect$$rtentry$$0000000C          0x080001ca   Section        0  __rtentry2.o(.ARM.Collect$$rtentry$$0000000C)
    .ARM.Collect$$rtentry$$0000000D          0x080001ca   Section        8  __rtentry2.o(.ARM.Collect$$rtentry$$0000000D)
    .ARM.Collect$$rtexit$$00000000           0x080001d2   Section        2  rtexit.o(.ARM.Collect$$rtexit$$00000000)
    .ARM.Collect$$rtexit$$00000002           0x080001d4   Section        0  rtexit2.o(.ARM.Collect$$rtexit$$00000002)
    .ARM.Collect$$rtexit$$00000003           0x080001d4   Section        4  rtexit2.o(.ARM.Collect$$rtexit$$00000003)
    .ARM.Collect$$rtexit$$00000004           0x080001d8   Section        6  rtexit2.o(.ARM.Collect$$rtexit$$00000004)
    $v0                                      0x080001e0   Number         0  startup_n32g430_keil.o(.text)
    .text                                    0x080001e0   Section       64  startup_n32g430_keil.o(.text)
    .text                                    0x08000220   Section        0  heapauxi.o(.text)
    .text                                    0x08000226   Section       74  sys_stackheap_outer.o(.text)
    .text                                    0x08000270   Section        0  exit.o(.text)
    .text                                    0x08000284   Section        8  libspace.o(.text)
    .text                                    0x0800028c   Section        0  sys_exit.o(.text)
    .text                                    0x08000298   Section        2  use_no_semi.o(.text)
    .text                                    0x0800029a   Section        0  indicate_semi.o(.text)
    .text                                    0x0800029a   Section      138  rt_memcpy_v6.o(.text)
    .text                                    0x08000324   Section       16  aeabi_memset.o(.text)
    .text                                    0x08000334   Section       68  rt_memclr.o(.text)
    .text                                    0x08000378   Section      100  rt_memcpy_w.o(.text)
    .text                                    0x080003dc   Section       78  rt_memclr_w.o(.text)
    [Anonymous Symbol]                       0x0800042c   Section        0  lto-llvm-54decf.o(.text.BusFault_Handler)
    [Anonymous Symbol]                       0x08000430   Section        0  lto-llvm-54decf.o(.text.DebugMon_Handler)
    [Anonymous Symbol]                       0x08000434   Section        0  lto-llvm-54decf.o(.text.HardFault_Handler)
    [Anonymous Symbol]                       0x08000438   Section        0  lto-llvm-54decf.o(.text.MemManage_Handler)
    [Anonymous Symbol]                       0x0800043c   Section        0  lto-llvm-54decf.o(.text.NMI_Handler)
    [Anonymous Symbol]                       0x08000440   Section        0  lto-llvm-54decf.o(.text.SVC_Handler)
    [Anonymous Symbol]                       0x08000444   Section        0  lto-llvm-54decf.o(.text.SysTick_Handler)
    [Anonymous Symbol]                       0x08000454   Section        0  lto-llvm-54decf.o(.text.System_Initializes)
    [Anonymous Symbol]                       0x0800069c   Section        0  lto-llvm-54decf.o(.text.UsageFault_Handler)
    core_bench_list                          0x080006a1   Thumb Code  1980  lto-llvm-54decf.o(.text.core_bench_list)
    [Anonymous Symbol]                       0x080006a0   Section        0  lto-llvm-54decf.o(.text.core_bench_list)
    core_bench_state                         0x08000e5d   Thumb Code  1402  lto-llvm-54decf.o(.text.core_bench_state)
    [Anonymous Symbol]                       0x08000e5c   Section        0  lto-llvm-54decf.o(.text.core_bench_state)
    crc16                                    0x080013d9   Thumb Code   250  lto-llvm-54decf.o(.text.crc16)
    [Anonymous Symbol]                       0x080013d8   Section        0  lto-llvm-54decf.o(.text.crc16)
    crcu16                                   0x080014d5   Thumb Code   248  lto-llvm-54decf.o(.text.crcu16)
    [Anonymous Symbol]                       0x080014d4   Section        0  lto-llvm-54decf.o(.text.crcu16)
    crcu32                                   0x080015cd   Thumb Code   480  lto-llvm-54decf.o(.text.crcu32)
    [Anonymous Symbol]                       0x080015cc   Section        0  lto-llvm-54decf.o(.text.crcu32)
    ee_printf                                0x080017b1   Thumb Code  5686  lto-llvm-54decf.o(.text.ee_printf)
    [Anonymous Symbol]                       0x080017b0   Section        0  lto-llvm-54decf.o(.text.ee_printf)
    [Anonymous Symbol]                       0x08002de8   Section        0  lto-llvm-54decf.o(.text.main)
    matrix_test                              0x08003ce5   Thumb Code 16140  lto-llvm-54decf.o(.text.matrix_test)
    [Anonymous Symbol]                       0x08003ce4   Section        0  lto-llvm-54decf.o(.text.matrix_test)
    i.__hardfp_modf                          0x08007bf0   Section        0  modf.o(i.__hardfp_modf)
    $v0                                      0x08007cc0   Number         0  daddsub_clz.o(x$fpl$dadd)
    x$fpl$dadd                               0x08007cc0   Section      336  daddsub_clz.o(x$fpl$dadd)
    _dadd1                                   0x08007cd1   Thumb Code     0  daddsub_clz.o(x$fpl$dadd)
    $v0                                      0x08007e10   Number         0  dcmpi.o(x$fpl$dcmpinf)
    x$fpl$dcmpinf                            0x08007e10   Section       24  dcmpi.o(x$fpl$dcmpinf)
    $v0                                      0x08007e28   Number         0  ddiv.o(x$fpl$ddiv)
    x$fpl$ddiv                               0x08007e28   Section      696  ddiv.o(x$fpl$ddiv)
    ddiv_entry                               0x08007e2f   Thumb Code     0  ddiv.o(x$fpl$ddiv)
    $v0                                      0x080080e0   Number         0  deqf.o(x$fpl$deqf)
    x$fpl$deqf                               0x080080e0   Section      120  deqf.o(x$fpl$deqf)
    $v0                                      0x08008158   Number         0  dfix.o(x$fpl$dfix)
    x$fpl$dfix                               0x08008158   Section       94  dfix.o(x$fpl$dfix)
    $v0                                      0x080081b8   Number         0  dfixu.o(x$fpl$dfixu)
    x$fpl$dfixu                              0x080081b8   Section       90  dfixu.o(x$fpl$dfixu)
    $v0                                      0x08008212   Number         0  dflt_clz.o(x$fpl$dfltu)
    x$fpl$dfltu                              0x08008212   Section       38  dflt_clz.o(x$fpl$dfltu)
    $v0                                      0x08008238   Number         0  dgeqf.o(x$fpl$dgeqf)
    x$fpl$dgeqf                              0x08008238   Section      120  dgeqf.o(x$fpl$dgeqf)
    $v0                                      0x080082b0   Number         0  dleqf.o(x$fpl$dleqf)
    x$fpl$dleqf                              0x080082b0   Section      120  dleqf.o(x$fpl$dleqf)
    $v0                                      0x08008328   Number         0  dmul.o(x$fpl$dmul)
    x$fpl$dmul                               0x08008328   Section      340  dmul.o(x$fpl$dmul)
    $v0                                      0x0800847c   Number         0  dnaninf.o(x$fpl$dnaninf)
    x$fpl$dnaninf                            0x0800847c   Section      156  dnaninf.o(x$fpl$dnaninf)
    $v0                                      0x08008518   Number         0  dretinf.o(x$fpl$dretinf)
    x$fpl$dretinf                            0x08008518   Section       12  dretinf.o(x$fpl$dretinf)
    $v0                                      0x08008524   Number         0  daddsub_clz.o(x$fpl$dsub)
    x$fpl$dsub                               0x08008524   Section      476  daddsub_clz.o(x$fpl$dsub)
    _dsub1                                   0x08008535   Thumb Code     0  daddsub_clz.o(x$fpl$dsub)
    $v0                                      0x08008700   Number         0  dcmp.o(x$fpl$fcmp)
    x$fpl$fcmp                               0x08008700   Section       84  dcmp.o(x$fpl$fcmp)
    $v0                                      0x08008754   Number         0  fpinit.o(x$fpl$fpinit)
    x$fpl$fpinit                             0x08008754   Section       26  fpinit.o(x$fpl$fpinit)
    APBAHBPresTable                          0x0800876e   Data          16  lto-llvm-54decf.o(.rodata.cst16)
    [Anonymous Symbol]                       0x0800876e   Section        0  lto-llvm-54decf.o(.rodata.cst16)
    x$fpl$usenofp                            0x0800876e   Section        0  usenofp.o(x$fpl$usenofp)
    errpat                                   0x08008780   Data          16  lto-llvm-54decf.o(.rodata.errpat)
    [Anonymous Symbol]                       0x08008780   Section        0  lto-llvm-54decf.o(.rodata.errpat)
    floatpat                                 0x08008790   Data          16  lto-llvm-54decf.o(.rodata.floatpat)
    [Anonymous Symbol]                       0x08008790   Section        0  lto-llvm-54decf.o(.rodata.floatpat)
    intpat                                   0x080087a0   Data          16  lto-llvm-54decf.o(.rodata.intpat)
    [Anonymous Symbol]                       0x080087a0   Section        0  lto-llvm-54decf.o(.rodata.intpat)
    list_known_crc                           0x080087b0   Data          10  lto-llvm-54decf.o(.rodata.list_known_crc)
    [Anonymous Symbol]                       0x080087b0   Section        0  lto-llvm-54decf.o(.rodata.list_known_crc)
    matrix_known_crc                         0x080087ba   Data          10  lto-llvm-54decf.o(.rodata.matrix_known_crc)
    [Anonymous Symbol]                       0x080087ba   Section        0  lto-llvm-54decf.o(.rodata.matrix_known_crc)
    scipat                                   0x080087c4   Data          16  lto-llvm-54decf.o(.rodata.scipat)
    [Anonymous Symbol]                       0x080087c4   Section        0  lto-llvm-54decf.o(.rodata.scipat)
    state_known_crc                          0x080087d4   Data          10  lto-llvm-54decf.o(.rodata.state_known_crc)
    [Anonymous Symbol]                       0x080087d4   Section        0  lto-llvm-54decf.o(.rodata.state_known_crc)
    .L.str.1                                 0x080087de   Data          21  lto-llvm-54decf.o(.rodata.str1.1)
    [Anonymous Symbol]                       0x080087de   Section        0  lto-llvm-54decf.o(.rodata.str1.1)
    .L.str.15                                0x080087f3   Data          62  lto-llvm-54decf.o(.rodata.str1.1)
    .L.str.6                                 0x08008831   Data          45  lto-llvm-54decf.o(.rodata.str1.1)
    .L.str.7                                 0x0800885e   Data          44  lto-llvm-54decf.o(.rodata.str1.1)
    .L.str.4                                 0x0800888a   Data          44  lto-llvm-54decf.o(.rodata.str1.1)
    .L.str.5                                 0x080088b6   Data          49  lto-llvm-54decf.o(.rodata.str1.1)
    .L.str.33                                0x080088e7   Data          99  lto-llvm-54decf.o(.rodata.str1.1)
    .L.str.28                                0x0800894a   Data          73  lto-llvm-54decf.o(.rodata.str1.1)
    .L.str.32                                0x08008993   Data          17  lto-llvm-54decf.o(.rodata.str1.1)
    .L.str.14                                0x080089a4   Data          23  lto-llvm-54decf.o(.rodata.str1.1)
    .L.str.13                                0x080089bb   Data          23  lto-llvm-54decf.o(.rodata.str1.1)
    .L.str.19                                0x080089d2   Data          23  lto-llvm-54decf.o(.rodata.str1.1)
    .L.str.21                                0x080089e9   Data          23  lto-llvm-54decf.o(.rodata.str1.1)
    .L.str.17                                0x08008a00   Data          23  lto-llvm-54decf.o(.rodata.str1.1)
    .L.str.16                                0x08008a17   Data          24  lto-llvm-54decf.o(.rodata.str1.1)
    .L.str.12                                0x08008a2f   Data          24  lto-llvm-54decf.o(.rodata.str1.1)
    .L.str.11                                0x08008a47   Data          24  lto-llvm-54decf.o(.rodata.str1.1)
    .L.str.23                                0x08008a5f   Data          27  lto-llvm-54decf.o(.rodata.str1.1)
    .L.str.24                                0x08008a7a   Data          28  lto-llvm-54decf.o(.rodata.str1.1)
    .L.str.26                                0x08008a96   Data          28  lto-llvm-54decf.o(.rodata.str1.1)
    .L.str.27                                0x08008ab2   Data          28  lto-llvm-54decf.o(.rodata.str1.1)
    .L.str.25                                0x08008ace   Data          28  lto-llvm-54decf.o(.rodata.str1.1)
    .L.str.10                                0x08008aea   Data          48  lto-llvm-54decf.o(.rodata.str1.1)
    .L.str.8                                 0x08008b1a   Data          47  lto-llvm-54decf.o(.rodata.str1.1)
    .L.str.9                                 0x08008b49   Data          49  lto-llvm-54decf.o(.rodata.str1.1)
    .L.str.22                                0x08008bdf   Data           6  lto-llvm-54decf.o(.rodata.str1.1)
    .L.str.2.62                              0x08008be5   Data          37  lto-llvm-54decf.o(.rodata.str1.1)
    .L.str.29                                0x08008c1c   Data          26  lto-llvm-54decf.o(.rodata.str1.1)
    .L.str.20                                0x08008c36   Data          26  lto-llvm-54decf.o(.rodata.str1.1)
    .L.str.18                                0x08008c50   Data          19  lto-llvm-54decf.o(.rodata.str1.1)
    .L.str.1.61                              0x08008c6c   Data          37  lto-llvm-54decf.o(.rodata.str1.1)
    seed3_volatile                           0x20000000   Data           4  lto-llvm-54decf.o(.data.seed3_volatile)
    [Anonymous Symbol]                       0x20000000   Section        0  lto-llvm-54decf.o(.data.seed3_volatile)
    seed4_volatile                           0x20000004   Data           4  lto-llvm-54decf.o(.data.seed4_volatile)
    [Anonymous Symbol]                       0x20000004   Section        0  lto-llvm-54decf.o(.data.seed4_volatile)
    .bss                                     0x20000008   Section       96  libspace.o(.bss)
    SystemClockFrequency                     0x20000068   Data           1  lto-llvm-54decf.o(.bss.SystemClockFrequency)
    [Anonymous Symbol]                       0x20000068   Section        0  lto-llvm-54decf.o(.bss.SystemClockFrequency)
    Tick                                     0x2000006c   Data           4  lto-llvm-54decf.o(.bss.Tick)
    [Anonymous Symbol]                       0x2000006c   Section        0  lto-llvm-54decf.o(.bss.Tick)
    seed1_volatile                           0x20000070   Data           4  lto-llvm-54decf.o(.bss.seed1_volatile)
    [Anonymous Symbol]                       0x20000070   Section        0  lto-llvm-54decf.o(.bss.seed1_volatile)
    seed2_volatile                           0x20000074   Data           4  lto-llvm-54decf.o(.bss.seed2_volatile)
    [Anonymous Symbol]                       0x20000074   Section        0  lto-llvm-54decf.o(.bss.seed2_volatile)
    seed5_volatile                           0x20000078   Data           4  lto-llvm-54decf.o(.bss.seed5_volatile)
    [Anonymous Symbol]                       0x20000078   Section        0  lto-llvm-54decf.o(.bss.seed5_volatile)
    Heap_Mem                                 0x20000080   Data         768  startup_n32g430_keil.o(HEAP)
    HEAP                                     0x20000080   Section      768  startup_n32g430_keil.o(HEAP)
    Stack_Mem                                0x20000380   Data        5376  startup_n32g430_keil.o(STACK)
    STACK                                    0x20000380   Section     5376  startup_n32g430_keil.o(STACK)
    __initial_sp                             0x20001880   Data           0  startup_n32g430_keil.o(STACK)

    Global Symbols

    Symbol Name                              Value     Ov Type        Size  Object(Section)

    BuildAttributes$$THM_ISAv4$E$P$D$K$B$S$7EM$VFPi3$EXTD16$VFPS$VFMA$PE$A:L22UL41UL21$X:L11$S22US41US21$IEEE1$IW$~IW$USESV6$~STKCKD$USESV7$~SHL$OTIME$ROPI$IEEEF$EBA8$UX$STANDARDLIB$REQ8$PRES8$EABIv2 0x00000000   Number         0  anon$$obj.o ABSOLUTE
    __ARM_exceptions_init                     - Undefined Weak Reference
    __alloca_initialize                       - Undefined Weak Reference
    __arm_preinit_                            - Undefined Weak Reference
    __arm_relocate_pie_                       - Undefined Weak Reference
    __cpp_initialize__aeabi_                  - Undefined Weak Reference
    __cxa_finalize                            - Undefined Weak Reference
    __rt_locale                               - Undefined Weak Reference
    __sigvec_lookup                           - Undefined Weak Reference
    _atexit_init                              - Undefined Weak Reference
    _call_atexit_fns                          - Undefined Weak Reference
    _clock_init                               - Undefined Weak Reference
    _fp_trap_init                             - Undefined Weak Reference
    _fp_trap_shutdown                         - Undefined Weak Reference
    _get_lc_collate                           - Undefined Weak Reference
    _get_lc_ctype                             - Undefined Weak Reference
    _get_lc_monetary                          - Undefined Weak Reference
    _get_lc_numeric                           - Undefined Weak Reference
    _get_lc_time                              - Undefined Weak Reference
    _getenv_init                              - Undefined Weak Reference
    _handle_redirection                       - Undefined Weak Reference
    _init_alloc                               - Undefined Weak Reference
    _init_user_alloc                          - Undefined Weak Reference
    _initio                                   - Undefined Weak Reference
    _rand_init                                - Undefined Weak Reference
    _signal_finish                            - Undefined Weak Reference
    _signal_init                              - Undefined Weak Reference
    _terminate_alloc                          - Undefined Weak Reference
    _terminate_user_alloc                     - Undefined Weak Reference
    _terminateio                              - Undefined Weak Reference
    __Vectors_Size                           0x00000114   Number         0  startup_n32g430_keil.o ABSOLUTE
    __Vectors                                0x08000000   Data           4  startup_n32g430_keil.o(RESET)
    __Vectors_End                            0x08000114   Data           0  startup_n32g430_keil.o(RESET)
    __main                                   0x08000115   Thumb Code     8  __main.o(!!!main)
    __scatterload                            0x0800011d   Thumb Code     0  __scatter.o(!!!scatter)
    __scatterload_rt2                        0x0800011d   Thumb Code    84  __scatter.o(!!!scatter)
    __scatterload_rt2_thumb_only             0x0800011d   Thumb Code     0  __scatter.o(!!!scatter)
    __scatterload_loop                       0x08000127   Thumb Code     0  __scatter.o(!!!scatter)
    __scatterload_copy                       0x08000179   Thumb Code    26  __scatter_copy.o(!!handler_copy)
    __scatterload_null                       0x08000195   Thumb Code     2  __scatter.o(!!handler_null)
    __scatterload_zeroinit                   0x08000199   Thumb Code    28  __scatter_zi.o(!!handler_zi)
    __rt_lib_init                            0x080001b5   Thumb Code     0  libinit.o(.ARM.Collect$$libinit$$00000000)
    __rt_lib_init_fp_1                       0x080001b7   Thumb Code     0  libinit2.o(.ARM.Collect$$libinit$$00000001)
    __rt_lib_init_alloca_1                   0x080001bb   Thumb Code     0  libinit2.o(.ARM.Collect$$libinit$$00000030)
    __rt_lib_init_argv_1                     0x080001bb   Thumb Code     0  libinit2.o(.ARM.Collect$$libinit$$0000002E)
    __rt_lib_init_atexit_1                   0x080001bb   Thumb Code     0  libinit2.o(.ARM.Collect$$libinit$$0000001D)
    __rt_lib_init_clock_1                    0x080001bb   Thumb Code     0  libinit2.o(.ARM.Collect$$libinit$$00000023)
    __rt_lib_init_cpp_1                      0x080001bb   Thumb Code     0  libinit2.o(.ARM.Collect$$libinit$$00000034)
    __rt_lib_init_exceptions_1               0x080001bb   Thumb Code     0  libinit2.o(.ARM.Collect$$libinit$$00000032)
    __rt_lib_init_fp_trap_1                  0x080001bb   Thumb Code     0  libinit2.o(.ARM.Collect$$libinit$$00000021)
    __rt_lib_init_getenv_1                   0x080001bb   Thumb Code     0  libinit2.o(.ARM.Collect$$libinit$$00000025)
    __rt_lib_init_heap_1                     0x080001bb   Thumb Code     0  libinit2.o(.ARM.Collect$$libinit$$0000000C)
    __rt_lib_init_lc_collate_1               0x080001bb   Thumb Code     0  libinit2.o(.ARM.Collect$$libinit$$00000013)
    __rt_lib_init_lc_ctype_1                 0x080001bb   Thumb Code     0  libinit2.o(.ARM.Collect$$libinit$$00000015)
    __rt_lib_init_lc_monetary_1              0x080001bb   Thumb Code     0  libinit2.o(.ARM.Collect$$libinit$$00000017)
    __rt_lib_init_lc_numeric_1               0x080001bb   Thumb Code     0  libinit2.o(.ARM.Collect$$libinit$$00000019)
    __rt_lib_init_lc_time_1                  0x080001bb   Thumb Code     0  libinit2.o(.ARM.Collect$$libinit$$0000001B)
    __rt_lib_init_preinit_1                  0x080001bb   Thumb Code     0  libinit2.o(.ARM.Collect$$libinit$$00000006)
    __rt_lib_init_rand_1                     0x080001bb   Thumb Code     0  libinit2.o(.ARM.Collect$$libinit$$00000010)
    __rt_lib_init_relocate_pie_1             0x080001bb   Thumb Code     0  libinit2.o(.ARM.Collect$$libinit$$00000004)
    __rt_lib_init_return                     0x080001bb   Thumb Code     0  libinit2.o(.ARM.Collect$$libinit$$00000035)
    __rt_lib_init_signal_1                   0x080001bb   Thumb Code     0  libinit2.o(.ARM.Collect$$libinit$$0000001F)
    __rt_lib_init_stdio_1                    0x080001bb   Thumb Code     0  libinit2.o(.ARM.Collect$$libinit$$00000027)
    __rt_lib_init_user_alloc_1               0x080001bb   Thumb Code     0  libinit2.o(.ARM.Collect$$libinit$$0000000E)
    __rt_lib_shutdown                        0x080001bd   Thumb Code     0  libshutdown.o(.ARM.Collect$$libshutdown$$00000000)
    __rt_lib_shutdown_cpp_1                  0x080001bf   Thumb Code     0  libshutdown2.o(.ARM.Collect$$libshutdown$$00000002)
    __rt_lib_shutdown_fp_trap_1              0x080001bf   Thumb Code     0  libshutdown2.o(.ARM.Collect$$libshutdown$$00000007)
    __rt_lib_shutdown_heap_1                 0x080001bf   Thumb Code     0  libshutdown2.o(.ARM.Collect$$libshutdown$$0000000F)
    __rt_lib_shutdown_return                 0x080001bf   Thumb Code     0  libshutdown2.o(.ARM.Collect$$libshutdown$$00000010)
    __rt_lib_shutdown_signal_1               0x080001bf   Thumb Code     0  libshutdown2.o(.ARM.Collect$$libshutdown$$0000000A)
    __rt_lib_shutdown_stdio_1                0x080001bf   Thumb Code     0  libshutdown2.o(.ARM.Collect$$libshutdown$$00000004)
    __rt_lib_shutdown_user_alloc_1           0x080001bf   Thumb Code     0  libshutdown2.o(.ARM.Collect$$libshutdown$$0000000C)
    __rt_entry                               0x080001c1   Thumb Code     0  __rtentry.o(.ARM.Collect$$rtentry$$00000000)
    __rt_entry_presh_1                       0x080001c1   Thumb Code     0  __rtentry2.o(.ARM.Collect$$rtentry$$00000002)
    __rt_entry_sh                            0x080001c1   Thumb Code     0  __rtentry4.o(.ARM.Collect$$rtentry$$00000004)
    __rt_entry_li                            0x080001c7   Thumb Code     0  __rtentry2.o(.ARM.Collect$$rtentry$$0000000A)
    __rt_entry_postsh_1                      0x080001c7   Thumb Code     0  __rtentry2.o(.ARM.Collect$$rtentry$$00000009)
    __rt_entry_main                          0x080001cb   Thumb Code     0  __rtentry2.o(.ARM.Collect$$rtentry$$0000000D)
    __rt_entry_postli_1                      0x080001cb   Thumb Code     0  __rtentry2.o(.ARM.Collect$$rtentry$$0000000C)
    __rt_exit                                0x080001d3   Thumb Code     0  rtexit.o(.ARM.Collect$$rtexit$$00000000)
    __rt_exit_ls                             0x080001d5   Thumb Code     0  rtexit2.o(.ARM.Collect$$rtexit$$00000003)
    __rt_exit_prels_1                        0x080001d5   Thumb Code     0  rtexit2.o(.ARM.Collect$$rtexit$$00000002)
    __rt_exit_exit                           0x080001d9   Thumb Code     0  rtexit2.o(.ARM.Collect$$rtexit$$00000004)
    Reset_Handler                            0x080001e1   Thumb Code     8  startup_n32g430_keil.o(.text)
    PendSV_Handler                           0x080001f7   Thumb Code     2  startup_n32g430_keil.o(.text)
    ADC_IRQHandler                           0x080001fb   Thumb Code     0  startup_n32g430_keil.o(.text)
    CAN_RX0_IRQHandler                       0x080001fb   Thumb Code     0  startup_n32g430_keil.o(.text)
    CAN_RX1_IRQHandler                       0x080001fb   Thumb Code     0  startup_n32g430_keil.o(.text)
    CAN_SCE_IRQHandler                       0x080001fb   Thumb Code     0  startup_n32g430_keil.o(.text)
    CAN_TX_IRQHandler                        0x080001fb   Thumb Code     0  startup_n32g430_keil.o(.text)
    COMP_1_2_3_IRQHandler                    0x080001fb   Thumb Code     0  startup_n32g430_keil.o(.text)
    DMA_Channel1_IRQHandler                  0x080001fb   Thumb Code     0  startup_n32g430_keil.o(.text)
    DMA_Channel2_IRQHandler                  0x080001fb   Thumb Code     0  startup_n32g430_keil.o(.text)
    DMA_Channel3_IRQHandler                  0x080001fb   Thumb Code     0  startup_n32g430_keil.o(.text)
    DMA_Channel4_IRQHandler                  0x080001fb   Thumb Code     0  startup_n32g430_keil.o(.text)
    DMA_Channel5_IRQHandler                  0x080001fb   Thumb Code     0  startup_n32g430_keil.o(.text)
    DMA_Channel6_IRQHandler                  0x080001fb   Thumb Code     0  startup_n32g430_keil.o(.text)
    DMA_Channel7_IRQHandler                  0x080001fb   Thumb Code     0  startup_n32g430_keil.o(.text)
    DMA_Channel8_IRQHandler                  0x080001fb   Thumb Code     0  startup_n32g430_keil.o(.text)
    EXTI0_IRQHandler                         0x080001fb   Thumb Code     0  startup_n32g430_keil.o(.text)
    EXTI15_10_IRQHandler                     0x080001fb   Thumb Code     0  startup_n32g430_keil.o(.text)
    EXTI1_IRQHandler                         0x080001fb   Thumb Code     0  startup_n32g430_keil.o(.text)
    EXTI2_IRQHandler                         0x080001fb   Thumb Code     0  startup_n32g430_keil.o(.text)
    EXTI3_IRQHandler                         0x080001fb   Thumb Code     0  startup_n32g430_keil.o(.text)
    EXTI4_IRQHandler                         0x080001fb   Thumb Code     0  startup_n32g430_keil.o(.text)
    EXTI9_5_IRQHandler                       0x080001fb   Thumb Code     0  startup_n32g430_keil.o(.text)
    FLASH_IRQHandler                         0x080001fb   Thumb Code     0  startup_n32g430_keil.o(.text)
    I2C1_ER_IRQHandler                       0x080001fb   Thumb Code     0  startup_n32g430_keil.o(.text)
    I2C1_EV_IRQHandler                       0x080001fb   Thumb Code     0  startup_n32g430_keil.o(.text)
    I2C2_ER_IRQHandler                       0x080001fb   Thumb Code     0  startup_n32g430_keil.o(.text)
    I2C2_EV_IRQHandler                       0x080001fb   Thumb Code     0  startup_n32g430_keil.o(.text)
    LPTIM_WKUP_IRQHandler                    0x080001fb   Thumb Code     0  startup_n32g430_keil.o(.text)
    MMU_IRQHandler                           0x080001fb   Thumb Code     0  startup_n32g430_keil.o(.text)
    PVD_IRQHandler                           0x080001fb   Thumb Code     0  startup_n32g430_keil.o(.text)
    RCC_IRQHandler                           0x080001fb   Thumb Code     0  startup_n32g430_keil.o(.text)
    RTCAlarm_IRQHandler                      0x080001fb   Thumb Code     0  startup_n32g430_keil.o(.text)
    RTC_TAMPER_STAMP_IRQHandler              0x080001fb   Thumb Code     0  startup_n32g430_keil.o(.text)
    RTC_WKUP_IRQHandler                      0x080001fb   Thumb Code     0  startup_n32g430_keil.o(.text)
    SPI1_IRQHandler                          0x080001fb   Thumb Code     0  startup_n32g430_keil.o(.text)
    SPI2_IRQHandler                          0x080001fb   Thumb Code     0  startup_n32g430_keil.o(.text)
    TIM1_BRK_IRQHandler                      0x080001fb   Thumb Code     0  startup_n32g430_keil.o(.text)
    TIM1_CC_IRQHandler                       0x080001fb   Thumb Code     0  startup_n32g430_keil.o(.text)
    TIM1_TRG_COM_IRQHandler                  0x080001fb   Thumb Code     0  startup_n32g430_keil.o(.text)
    TIM1_UP_IRQHandler                       0x080001fb   Thumb Code     0  startup_n32g430_keil.o(.text)
    TIM2_IRQHandler                          0x080001fb   Thumb Code     0  startup_n32g430_keil.o(.text)
    TIM3_IRQHandler                          0x080001fb   Thumb Code     0  startup_n32g430_keil.o(.text)
    TIM4_IRQHandler                          0x080001fb   Thumb Code     0  startup_n32g430_keil.o(.text)
    TIM5_IRQHandler                          0x080001fb   Thumb Code     0  startup_n32g430_keil.o(.text)
    TIM6_IRQHandler                          0x080001fb   Thumb Code     0  startup_n32g430_keil.o(.text)
    TIM8_BRK_IRQHandler                      0x080001fb   Thumb Code     0  startup_n32g430_keil.o(.text)
    TIM8_CC_IRQHandler                       0x080001fb   Thumb Code     0  startup_n32g430_keil.o(.text)
    TIM8_TRG_COM_IRQHandler                  0x080001fb   Thumb Code     0  startup_n32g430_keil.o(.text)
    TIM8_UP_IRQHandler                       0x080001fb   Thumb Code     0  startup_n32g430_keil.o(.text)
    UART3_IRQHandler                         0x080001fb   Thumb Code     0  startup_n32g430_keil.o(.text)
    UART4_IRQHandler                         0x080001fb   Thumb Code     0  startup_n32g430_keil.o(.text)
    USART1_IRQHandler                        0x080001fb   Thumb Code     0  startup_n32g430_keil.o(.text)
    USART2_IRQHandler                        0x080001fb   Thumb Code     0  startup_n32g430_keil.o(.text)
    WWDG_IRQHandler                          0x080001fb   Thumb Code     0  startup_n32g430_keil.o(.text)
    __user_initial_stackheap                 0x080001fd   Thumb Code     0  startup_n32g430_keil.o(.text)
    __use_two_region_memory                  0x08000221   Thumb Code     2  heapauxi.o(.text)
    __rt_heap_escrow$2region                 0x08000223   Thumb Code     2  heapauxi.o(.text)
    __rt_heap_expand$2region                 0x08000225   Thumb Code     2  heapauxi.o(.text)
    __user_setup_stackheap                   0x08000227   Thumb Code    74  sys_stackheap_outer.o(.text)
    exit                                     0x08000271   Thumb Code    18  exit.o(.text)
    __user_libspace                          0x08000285   Thumb Code     8  libspace.o(.text)
    __user_perproc_libspace                  0x08000285   Thumb Code     0  libspace.o(.text)
    __user_perthread_libspace                0x08000285   Thumb Code     0  libspace.o(.text)
    _sys_exit                                0x0800028d   Thumb Code     8  sys_exit.o(.text)
    __I$use$semihosting                      0x08000299   Thumb Code     0  use_no_semi.o(.text)
    __use_no_semihosting_swi                 0x08000299   Thumb Code     2  use_no_semi.o(.text)
    __aeabi_memcpy                           0x0800029b   Thumb Code     0  rt_memcpy_v6.o(.text)
    __rt_memcpy                              0x0800029b   Thumb Code   138  rt_memcpy_v6.o(.text)
    __semihosting_library_function           0x0800029b   Thumb Code     0  indicate_semi.o(.text)
    _memcpy_lastbytes                        0x08000301   Thumb Code     0  rt_memcpy_v6.o(.text)
    __aeabi_memset                           0x08000325   Thumb Code    16  aeabi_memset.o(.text)
    __aeabi_memclr                           0x08000335   Thumb Code     0  rt_memclr.o(.text)
    __rt_memclr                              0x08000335   Thumb Code     0  rt_memclr.o(.text)
    _memset                                  0x08000339   Thumb Code    64  rt_memclr.o(.text)
    __aeabi_memcpy4                          0x08000379   Thumb Code     0  rt_memcpy_w.o(.text)
    __aeabi_memcpy8                          0x08000379   Thumb Code     0  rt_memcpy_w.o(.text)
    __rt_memcpy_w                            0x08000379   Thumb Code   100  rt_memcpy_w.o(.text)
    _memcpy_lastbytes_aligned                0x080003c1   Thumb Code     0  rt_memcpy_w.o(.text)
    __aeabi_memclr4                          0x080003dd   Thumb Code     0  rt_memclr_w.o(.text)
    __aeabi_memclr8                          0x080003dd   Thumb Code     0  rt_memclr_w.o(.text)
    __rt_memclr_w                            0x080003dd   Thumb Code     0  rt_memclr_w.o(.text)
    _memset_w                                0x080003e1   Thumb Code    74  rt_memclr_w.o(.text)
    BusFault_Handler                         0x0800042d   Thumb Code     2  lto-llvm-54decf.o(.text.BusFault_Handler)
    DebugMon_Handler                         0x08000431   Thumb Code     2  lto-llvm-54decf.o(.text.DebugMon_Handler)
    HardFault_Handler                        0x08000435   Thumb Code     2  lto-llvm-54decf.o(.text.HardFault_Handler)
    MemManage_Handler                        0x08000439   Thumb Code     2  lto-llvm-54decf.o(.text.MemManage_Handler)
    NMI_Handler                              0x0800043d   Thumb Code     2  lto-llvm-54decf.o(.text.NMI_Handler)
    SVC_Handler                              0x08000441   Thumb Code     2  lto-llvm-54decf.o(.text.SVC_Handler)
    SysTick_Handler                          0x08000445   Thumb Code    16  lto-llvm-54decf.o(.text.SysTick_Handler)
    System_Initializes                       0x08000455   Thumb Code   584  lto-llvm-54decf.o(.text.System_Initializes)
    UsageFault_Handler                       0x0800069d   Thumb Code     2  lto-llvm-54decf.o(.text.UsageFault_Handler)
    main                                     0x08002de9   Thumb Code  3664  lto-llvm-54decf.o(.text.main)
    __hardfp_modf                            0x08007bf1   Thumb Code   202  modf.o(i.__hardfp_modf)
    __aeabi_dadd                             0x08007cc1   Thumb Code     0  daddsub_clz.o(x$fpl$dadd)
    _dadd                                    0x08007cc1   Thumb Code   332  daddsub_clz.o(x$fpl$dadd)
    __fpl_dcmp_Inf                           0x08007e11   Thumb Code    24  dcmpi.o(x$fpl$dcmpinf)
    __aeabi_ddiv                             0x08007e29   Thumb Code     0  ddiv.o(x$fpl$ddiv)
    _ddiv                                    0x08007e29   Thumb Code   560  ddiv.o(x$fpl$ddiv)
    __aeabi_cdcmpeq                          0x080080e1   Thumb Code     0  deqf.o(x$fpl$deqf)
    _dcmpeq                                  0x080080e1   Thumb Code   120  deqf.o(x$fpl$deqf)
    __aeabi_d2iz                             0x08008159   Thumb Code     0  dfix.o(x$fpl$dfix)
    _dfix                                    0x08008159   Thumb Code    94  dfix.o(x$fpl$dfix)
    __aeabi_d2uiz                            0x080081b9   Thumb Code     0  dfixu.o(x$fpl$dfixu)
    _dfixu                                   0x080081b9   Thumb Code    90  dfixu.o(x$fpl$dfixu)
    __aeabi_ui2d                             0x08008213   Thumb Code     0  dflt_clz.o(x$fpl$dfltu)
    _dfltu                                   0x08008213   Thumb Code    38  dflt_clz.o(x$fpl$dfltu)
    __aeabi_cdcmpge                          0x08008239   Thumb Code     0  dgeqf.o(x$fpl$dgeqf)
    _dcmpge                                  0x08008239   Thumb Code   120  dgeqf.o(x$fpl$dgeqf)
    __aeabi_cdcmple                          0x080082b1   Thumb Code     0  dleqf.o(x$fpl$dleqf)
    _dcmple                                  0x080082b1   Thumb Code   120  dleqf.o(x$fpl$dleqf)
    __fpl_dcmple_InfNaN                      0x08008313   Thumb Code     0  dleqf.o(x$fpl$dleqf)
    __aeabi_dmul                             0x08008329   Thumb Code     0  dmul.o(x$fpl$dmul)
    _dmul                                    0x08008329   Thumb Code   332  dmul.o(x$fpl$dmul)
    __fpl_dnaninf                            0x0800847d   Thumb Code   156  dnaninf.o(x$fpl$dnaninf)
    __fpl_dretinf                            0x08008519   Thumb Code    12  dretinf.o(x$fpl$dretinf)
    __aeabi_dsub                             0x08008525   Thumb Code     0  daddsub_clz.o(x$fpl$dsub)
    _dsub                                    0x08008525   Thumb Code   472  daddsub_clz.o(x$fpl$dsub)
    __aeabi_dcmpeq                           0x08008701   Thumb Code     0  dcmp.o(x$fpl$fcmp)
    _deq                                     0x08008701   Thumb Code    14  dcmp.o(x$fpl$fcmp)
    _dneq                                    0x0800870f   Thumb Code    14  dcmp.o(x$fpl$fcmp)
    __aeabi_dcmpgt                           0x0800871d   Thumb Code     0  dcmp.o(x$fpl$fcmp)
    _dgr                                     0x0800871d   Thumb Code    14  dcmp.o(x$fpl$fcmp)
    __aeabi_dcmpge                           0x0800872b   Thumb Code     0  dcmp.o(x$fpl$fcmp)
    _dgeq                                    0x0800872b   Thumb Code    14  dcmp.o(x$fpl$fcmp)
    __aeabi_dcmple                           0x08008739   Thumb Code     0  dcmp.o(x$fpl$fcmp)
    _dleq                                    0x08008739   Thumb Code    14  dcmp.o(x$fpl$fcmp)
    __aeabi_dcmplt                           0x08008747   Thumb Code     0  dcmp.o(x$fpl$fcmp)
    _dls                                     0x08008747   Thumb Code    14  dcmp.o(x$fpl$fcmp)
    _fp_init                                 0x08008755   Thumb Code    26  fpinit.o(x$fpl$fpinit)
    __fplib_config_fpu_vfp                   0x0800876d   Thumb Code     0  fpinit.o(x$fpl$fpinit)
    __fplib_config_pureend_doubles           0x0800876d   Thumb Code     0  fpinit.o(x$fpl$fpinit)
    __I$use$fp                               0x0800876e   Number         0  usenofp.o(x$fpl$usenofp)
    Region$$Table$$Base                      0x08008c94   Number         0  anon$$obj.o(Region$$Table)
    Region$$Table$$Limit                     0x08008cb4   Number         0  anon$$obj.o(Region$$Table)
    __libspace_start                         0x20000008   Data          96  libspace.o(.bss)
    __temporary_stack_top$libspace           0x20000068   Data           0  libspace.o(.bss)



==============================================================================

Memory Map of the image

  Image Entry point : 0x08000115

  Load Region LR_IROM1 (Base: 0x08000000, Size: 0x00008cc0, Max: 0x00010000, ABSOLUTE)

    Execution Region ER_IROM1 (Exec base: 0x08000000, Load base: 0x08000000, Size: 0x00008cb4, Max: 0x00010000, ABSOLUTE)

    Exec Addr    Load Addr    Size         Type   Attr      Idx    E Section Name        Object

    0x08000000   0x08000000   0x00000114   Data   RO            6    RESET               startup_n32g430_keil.o
    0x08000114   0x08000114   0x00000008   Code   RO           30  * !!!main             c_w.l(__main.o)
    0x0800011c   0x0800011c   0x0000005c   Code   RO          311    !!!scatter          c_w.l(__scatter.o)
    0x08000178   0x08000178   0x0000001a   Code   RO          315    !!handler_copy      c_w.l(__scatter_copy.o)
    0x08000192   0x08000192   0x00000002   PAD
    0x08000194   0x08000194   0x00000002   Code   RO          312    !!handler_null      c_w.l(__scatter.o)
    0x08000196   0x08000196   0x00000002   PAD
    0x08000198   0x08000198   0x0000001c   Code   RO          317    !!handler_zi        c_w.l(__scatter_zi.o)
    0x080001b4   0x080001b4   0x00000002   Code   RO           74    .ARM.Collect$$libinit$$00000000  c_w.l(libinit.o)
    0x080001b6   0x080001b6   0x00000004   Code   RO           80    .ARM.Collect$$libinit$$00000001  c_w.l(libinit2.o)
    0x080001ba   0x080001ba   0x00000000   Code   RO           83    .ARM.Collect$$libinit$$00000004  c_w.l(libinit2.o)
    0x080001ba   0x080001ba   0x00000000   Code   RO           85    .ARM.Collect$$libinit$$00000006  c_w.l(libinit2.o)
    0x080001ba   0x080001ba   0x00000000   Code   RO           88    .ARM.Collect$$libinit$$0000000C  c_w.l(libinit2.o)
    0x080001ba   0x080001ba   0x00000000   Code   RO           90    .ARM.Collect$$libinit$$0000000E  c_w.l(libinit2.o)
    0x080001ba   0x080001ba   0x00000000   Code   RO           92    .ARM.Collect$$libinit$$00000010  c_w.l(libinit2.o)
    0x080001ba   0x080001ba   0x00000000   Code   RO           95    .ARM.Collect$$libinit$$00000013  c_w.l(libinit2.o)
    0x080001ba   0x080001ba   0x00000000   Code   RO           97    .ARM.Collect$$libinit$$00000015  c_w.l(libinit2.o)
    0x080001ba   0x080001ba   0x00000000   Code   RO           99    .ARM.Collect$$libinit$$00000017  c_w.l(libinit2.o)
    0x080001ba   0x080001ba   0x00000000   Code   RO          101    .ARM.Collect$$libinit$$00000019  c_w.l(libinit2.o)
    0x080001ba   0x080001ba   0x00000000   Code   RO          103    .ARM.Collect$$libinit$$0000001B  c_w.l(libinit2.o)
    0x080001ba   0x080001ba   0x00000000   Code   RO          105    .ARM.Collect$$libinit$$0000001D  c_w.l(libinit2.o)
    0x080001ba   0x080001ba   0x00000000   Code   RO          107    .ARM.Collect$$libinit$$0000001F  c_w.l(libinit2.o)
    0x080001ba   0x080001ba   0x00000000   Code   RO          109    .ARM.Collect$$libinit$$00000021  c_w.l(libinit2.o)
    0x080001ba   0x080001ba   0x00000000   Code   RO          111    .ARM.Collect$$libinit$$00000023  c_w.l(libinit2.o)
    0x080001ba   0x080001ba   0x00000000   Code   RO          113    .ARM.Collect$$libinit$$00000025  c_w.l(libinit2.o)
    0x080001ba   0x080001ba   0x00000000   Code   RO          115    .ARM.Collect$$libinit$$00000027  c_w.l(libinit2.o)
    0x080001ba   0x080001ba   0x00000000   Code   RO          119    .ARM.Collect$$libinit$$0000002E  c_w.l(libinit2.o)
    0x080001ba   0x080001ba   0x00000000   Code   RO          121    .ARM.Collect$$libinit$$00000030  c_w.l(libinit2.o)
    0x080001ba   0x080001ba   0x00000000   Code   RO          123    .ARM.Collect$$libinit$$00000032  c_w.l(libinit2.o)
    0x080001ba   0x080001ba   0x00000000   Code   RO          125    .ARM.Collect$$libinit$$00000034  c_w.l(libinit2.o)
    0x080001ba   0x080001ba   0x00000002   Code   RO          126    .ARM.Collect$$libinit$$00000035  c_w.l(libinit2.o)
    0x080001bc   0x080001bc   0x00000002   Code   RO          148    .ARM.Collect$$libshutdown$$00000000  c_w.l(libshutdown.o)
    0x080001be   0x080001be   0x00000000   Code   RO          163    .ARM.Collect$$libshutdown$$00000002  c_w.l(libshutdown2.o)
    0x080001be   0x080001be   0x00000000   Code   RO          165    .ARM.Collect$$libshutdown$$00000004  c_w.l(libshutdown2.o)
    0x080001be   0x080001be   0x00000000   Code   RO          168    .ARM.Collect$$libshutdown$$00000007  c_w.l(libshutdown2.o)
    0x080001be   0x080001be   0x00000000   Code   RO          171    .ARM.Collect$$libshutdown$$0000000A  c_w.l(libshutdown2.o)
    0x080001be   0x080001be   0x00000000   Code   RO          173    .ARM.Collect$$libshutdown$$0000000C  c_w.l(libshutdown2.o)
    0x080001be   0x080001be   0x00000000   Code   RO          176    .ARM.Collect$$libshutdown$$0000000F  c_w.l(libshutdown2.o)
    0x080001be   0x080001be   0x00000002   Code   RO          177    .ARM.Collect$$libshutdown$$00000010  c_w.l(libshutdown2.o)
    0x080001c0   0x080001c0   0x00000000   Code   RO           38    .ARM.Collect$$rtentry$$00000000  c_w.l(__rtentry.o)
    0x080001c0   0x080001c0   0x00000000   Code   RO           47    .ARM.Collect$$rtentry$$00000002  c_w.l(__rtentry2.o)
    0x080001c0   0x080001c0   0x00000006   Code   RO           59    .ARM.Collect$$rtentry$$00000004  c_w.l(__rtentry4.o)
    0x080001c6   0x080001c6   0x00000000   Code   RO           49    .ARM.Collect$$rtentry$$00000009  c_w.l(__rtentry2.o)
    0x080001c6   0x080001c6   0x00000004   Code   RO           50    .ARM.Collect$$rtentry$$0000000A  c_w.l(__rtentry2.o)
    0x080001ca   0x080001ca   0x00000000   Code   RO           52    .ARM.Collect$$rtentry$$0000000C  c_w.l(__rtentry2.o)
    0x080001ca   0x080001ca   0x00000008   Code   RO           53    .ARM.Collect$$rtentry$$0000000D  c_w.l(__rtentry2.o)
    0x080001d2   0x080001d2   0x00000002   Code   RO           78    .ARM.Collect$$rtexit$$00000000  c_w.l(rtexit.o)
    0x080001d4   0x080001d4   0x00000000   Code   RO          128    .ARM.Collect$$rtexit$$00000002  c_w.l(rtexit2.o)
    0x080001d4   0x080001d4   0x00000004   Code   RO          129    .ARM.Collect$$rtexit$$00000003  c_w.l(rtexit2.o)
    0x080001d8   0x080001d8   0x00000006   Code   RO          130    .ARM.Collect$$rtexit$$00000004  c_w.l(rtexit2.o)
    0x080001de   0x080001de   0x00000002   PAD
    0x080001e0   0x080001e0   0x00000040   Code   RO            7    .text               startup_n32g430_keil.o
    0x08000220   0x08000220   0x00000006   Code   RO           28    .text               c_w.l(heapauxi.o)
    0x08000226   0x08000226   0x0000004a   Code   RO           65    .text               c_w.l(sys_stackheap_outer.o)
    0x08000270   0x08000270   0x00000012   Code   RO           67    .text               c_w.l(exit.o)
    0x08000282   0x08000282   0x00000002   PAD
    0x08000284   0x08000284   0x00000008   Code   RO           75    .text               c_w.l(libspace.o)
    0x0800028c   0x0800028c   0x0000000c   Code   RO          138    .text               c_w.l(sys_exit.o)
    0x08000298   0x08000298   0x00000002   Code   RO          153    .text               c_w.l(use_no_semi.o)
    0x0800029a   0x0800029a   0x00000000   Code   RO          155    .text               c_w.l(indicate_semi.o)
    0x0800029a   0x0800029a   0x0000008a   Code   RO          269    .text               c_w.l(rt_memcpy_v6.o)
    0x08000324   0x08000324   0x00000010   Code   RO          271    .text               c_w.l(aeabi_memset.o)
    0x08000334   0x08000334   0x00000044   Code   RO          273    .text               c_w.l(rt_memclr.o)
    0x08000378   0x08000378   0x00000064   Code   RO          297    .text               c_w.l(rt_memcpy_w.o)
    0x080003dc   0x080003dc   0x0000004e   Code   RO          299    .text               c_w.l(rt_memclr_w.o)
    0x0800042a   0x0800042a   0x00000002   PAD
    0x0800042c   0x0800042c   0x00000002   Code   RO          219    .text.BusFault_Handler  lto-llvm-54decf.o
    0x0800042e   0x0800042e   0x00000002   PAD
    0x08000430   0x08000430   0x00000002   Code   RO          225    .text.DebugMon_Handler  lto-llvm-54decf.o
    0x08000432   0x08000432   0x00000002   PAD
    0x08000434   0x08000434   0x00000002   Code   RO          215    .text.HardFault_Handler  lto-llvm-54decf.o
    0x08000436   0x08000436   0x00000002   PAD
    0x08000438   0x08000438   0x00000002   Code   RO          217    .text.MemManage_Handler  lto-llvm-54decf.o
    0x0800043a   0x0800043a   0x00000002   PAD
    0x0800043c   0x0800043c   0x00000002   Code   RO          213    .text.NMI_Handler   lto-llvm-54decf.o
    0x0800043e   0x0800043e   0x00000002   PAD
    0x08000440   0x08000440   0x00000002   Code   RO          223    .text.SVC_Handler   lto-llvm-54decf.o
    0x08000442   0x08000442   0x00000002   PAD
    0x08000444   0x08000444   0x00000010   Code   RO          227    .text.SysTick_Handler  lto-llvm-54decf.o
    0x08000454   0x08000454   0x00000248   Code   RO          229    .text.System_Initializes  lto-llvm-54decf.o
    0x0800069c   0x0800069c   0x00000002   Code   RO          221    .text.UsageFault_Handler  lto-llvm-54decf.o
    0x0800069e   0x0800069e   0x00000002   PAD
    0x080006a0   0x080006a0   0x000007bc   Code   RO          231    .text.core_bench_list  lto-llvm-54decf.o
    0x08000e5c   0x08000e5c   0x0000057a   Code   RO          235    .text.core_bench_state  lto-llvm-54decf.o
    0x080013d6   0x080013d6   0x00000002   PAD
    0x080013d8   0x080013d8   0x000000fa   Code   RO          241    .text.crc16         lto-llvm-54decf.o
    0x080014d2   0x080014d2   0x00000002   PAD
    0x080014d4   0x080014d4   0x000000f8   Code   RO          237    .text.crcu16        lto-llvm-54decf.o
    0x080015cc   0x080015cc   0x000001e0   Code   RO          239    .text.crcu32        lto-llvm-54decf.o
    0x080017ac   0x080017ac   0x00000004   PAD
    0x080017b0   0x080017b0   0x00001636   Code   RO          243    .text.ee_printf     lto-llvm-54decf.o
    0x08002de6   0x08002de6   0x00000002   PAD
    0x08002de8   0x08002de8   0x00000efc   Code   RO          211    .text.main          lto-llvm-54decf.o
    0x08003ce4   0x08003ce4   0x00003f0c   Code   RO          233    .text.matrix_test   lto-llvm-54decf.o
    0x08007bf0   0x08007bf0   0x000000d0   Code   RO           32    i.__hardfp_modf     m_wm.l(modf.o)
    0x08007cc0   0x08007cc0   0x00000150   Code   RO           39    x$fpl$dadd          fz_wm.l(daddsub_clz.o)
    0x08007e10   0x08007e10   0x00000018   Code   RO          307    x$fpl$dcmpinf       fz_wm.l(dcmpi.o)
    0x08007e28   0x08007e28   0x000002b8   Code   RO          278    x$fpl$ddiv          fz_wm.l(ddiv.o)
    0x080080e0   0x080080e0   0x00000078   Code   RO          301    x$fpl$deqf          fz_wm.l(deqf.o)
    0x08008158   0x08008158   0x0000005e   Code   RO          281    x$fpl$dfix          fz_wm.l(dfix.o)
    0x080081b6   0x080081b6   0x00000002   PAD
    0x080081b8   0x080081b8   0x0000005a   Code   RO          285    x$fpl$dfixu         fz_wm.l(dfixu.o)
    0x08008212   0x08008212   0x00000026   Code   RO          289    x$fpl$dfltu         fz_wm.l(dflt_clz.o)
    0x08008238   0x08008238   0x00000078   Code   RO          303    x$fpl$dgeqf         fz_wm.l(dgeqf.o)
    0x080082b0   0x080082b0   0x00000078   Code   RO          305    x$fpl$dleqf         fz_wm.l(dleqf.o)
    0x08008328   0x08008328   0x00000154   Code   RO          295    x$fpl$dmul          fz_wm.l(dmul.o)
    0x0800847c   0x0800847c   0x0000009c   Code   RO           61    x$fpl$dnaninf       fz_wm.l(dnaninf.o)
    0x08008518   0x08008518   0x0000000c   Code   RO           63    x$fpl$dretinf       fz_wm.l(dretinf.o)
    0x08008524   0x08008524   0x000001dc   Code   RO           41    x$fpl$dsub          fz_wm.l(daddsub_clz.o)
    0x08008700   0x08008700   0x00000054   Code   RO          275    x$fpl$fcmp          fz_wm.l(dcmp.o)
    0x08008754   0x08008754   0x0000001a   Code   RO          136    x$fpl$fpinit        fz_wm.l(fpinit.o)
    0x0800876e   0x0800876e   0x00000000   Code   RO           45    x$fpl$usenofp       fz_wm.l(usenofp.o)
    0x0800876e   0x0800876e   0x00000010   Data   RO          261    .rodata.cst16       lto-llvm-54decf.o
    0x0800877e   0x0800877e   0x00000002   PAD
    0x08008780   0x08008780   0x00000010   Data   RO          255    .rodata.errpat      lto-llvm-54decf.o
    0x08008790   0x08008790   0x00000010   Data   RO          253    .rodata.floatpat    lto-llvm-54decf.o
    0x080087a0   0x080087a0   0x00000010   Data   RO          252    .rodata.intpat      lto-llvm-54decf.o
    0x080087b0   0x080087b0   0x0000000a   Data   RO          248    .rodata.list_known_crc  lto-llvm-54decf.o
    0x080087ba   0x080087ba   0x0000000a   Data   RO          249    .rodata.matrix_known_crc  lto-llvm-54decf.o
    0x080087c4   0x080087c4   0x00000010   Data   RO          254    .rodata.scipat      lto-llvm-54decf.o
    0x080087d4   0x080087d4   0x0000000a   Data   RO          250    .rodata.state_known_crc  lto-llvm-54decf.o
    0x080087de   0x080087de   0x000004b3   Data   RO          245    .rodata.str1.1      lto-llvm-54decf.o
    0x08008c91   0x08008c91   0x00000003   PAD
    0x08008c94   0x08008c94   0x00000020   Data   RO          310    Region$$Table       anon$$obj.o


    Execution Region RW_IRAM1 (Exec base: 0x20000000, Load base: 0x08008cb8, Size: 0x00001880, Max: 0x00004000, ABSOLUTE)

    Exec Addr    Load Addr    Size         Type   Attr      Idx    E Section Name        Object

    0x20000000   0x08008cb8   0x00000004   Data   RW          258    .data.seed3_volatile  lto-llvm-54decf.o
    0x20000004   0x08008cbc   0x00000004   Data   RW          259    .data.seed4_volatile  lto-llvm-54decf.o
    0x20000008        -       0x00000060   Zero   RW           76    .bss                c_w.l(libspace.o)
    0x20000068        -       0x00000001   Zero   RW          247    .bss.SystemClockFrequency  lto-llvm-54decf.o
    0x20000069   0x08008cc0   0x00000003   PAD
    0x2000006c        -       0x00000004   Zero   RW          251    .bss.Tick           lto-llvm-54decf.o
    0x20000070        -       0x00000004   Zero   RW          256    .bss.seed1_volatile  lto-llvm-54decf.o
    0x20000074        -       0x00000004   Zero   RW          257    .bss.seed2_volatile  lto-llvm-54decf.o
    0x20000078        -       0x00000004   Zero   RW          260    .bss.seed5_volatile  lto-llvm-54decf.o
    0x2000007c   0x08008cc0   0x00000004   PAD
    0x20000080        -       0x00000300   Zero   RW            5    HEAP                startup_n32g430_keil.o
    0x20000380        -       0x00001500   Zero   RW            4    STACK               startup_n32g430_keil.o


==============================================================================

Image component sizes


      Code (inc. data)   RO Data    RW Data    ZI Data      Debug   Object Name

     30636        502       1313          8         17     111683   lto-llvm-54decf.o
        64         26        276          0       6144        864   startup_n32g430_keil.o

    ----------------------------------------------------------------------
     30724        528       1626          8       6168     112547   Object Totals
         0          0         32          0          0          0   (incl. Generated)
        24          0          5          0          7          0   (incl. Padding)

    ----------------------------------------------------------------------

      Code (inc. data)   RO Data    RW Data    ZI Data      Debug   Library Member Name

         8          0          0          0          0         68   __main.o
         0          0          0          0          0          0   __rtentry.o
        12          0          0          0          0          0   __rtentry2.o
         6          0          0          0          0          0   __rtentry4.o
        94          8          0          0          0          0   __scatter.o
        26          0          0          0          0          0   __scatter_copy.o
        28          0          0          0          0          0   __scatter_zi.o
        16          0          0          0          0         68   aeabi_memset.o
        18          0          0          0          0         80   exit.o
         6          0          0          0          0        152   heapauxi.o
         0          0          0          0          0          0   indicate_semi.o
         2          0          0          0          0          0   libinit.o
         6          0          0          0          0          0   libinit2.o
         2          0          0          0          0          0   libshutdown.o
         2          0          0          0          0          0   libshutdown2.o
         8          4          0          0         96         68   libspace.o
        68          0          0          0          0         68   rt_memclr.o
        78          0          0          0          0         80   rt_memclr_w.o
       138          0          0          0          0         68   rt_memcpy_v6.o
       100          0          0          0          0         80   rt_memcpy_w.o
         2          0          0          0          0          0   rtexit.o
        10          0          0          0          0          0   rtexit2.o
        12          4          0          0          0         68   sys_exit.o
        74          0          0          0          0         80   sys_stackheap_outer.o
         2          0          0          0          0         68   use_no_semi.o
       812         16          0          0          0        392   daddsub_clz.o
        84          0          0          0          0        244   dcmp.o
        24          0          0          0          0        116   dcmpi.o
       696        140          0          0          0        264   ddiv.o
       120          4          0          0          0        140   deqf.o
        94          4          0          0          0        140   dfix.o
        90          4          0          0          0        140   dfixu.o
        38          0          0          0          0        116   dflt_clz.o
       120          4          0          0          0        140   dgeqf.o
       120          4          0          0          0        140   dleqf.o
       340         12          0          0          0        152   dmul.o
       156          4          0          0          0        140   dnaninf.o
        12          0          0          0          0        116   dretinf.o
        26          0          0          0          0        116   fpinit.o
         0          0          0          0          0          0   usenofp.o
       208          6          0          0          0        152   modf.o

    ----------------------------------------------------------------------
      3670        214          0          0         96       3456   Library Totals
        12          0          0          0          0          0   (incl. Padding)

    ----------------------------------------------------------------------

      Code (inc. data)   RO Data    RW Data    ZI Data      Debug   Library Name

       718         16          0          0         96        948   c_w.l
      2732        192          0          0          0       2356   fz_wm.l
       208          6          0          0          0        152   m_wm.l

    ----------------------------------------------------------------------
      3670        214          0          0         96       3456   Library Totals

    ----------------------------------------------------------------------

==============================================================================


      Code (inc. data)   RO Data    RW Data    ZI Data      Debug   

     34394        742       1626          8       6264     114255   Grand Totals
     34394        742       1626          8       6264     114255   ELF Image Totals
     34394        742       1626          8          0          0   ROM Totals

==============================================================================

    Total RO  Size (Code + RO Data)                36020 (  35.18kB)
    Total RW  Size (RW Data + ZI Data)              6272 (   6.12kB)
    Total ROM Size (Code + RO Data + RW Data)      36028 (  35.18kB)

==============================================================================

